Archive member included to satisfy reference by file (symbol)

examples/libexamples.a(LCD_2in_test.c.obj)
                              CMakeFiles/main.dir/main.c.obj (LCD_2in_test)
examples/libexamples.a(ImageData.c.obj)
                              examples/libexamples.a(LCD_2in_test.c.obj) (gImage_2inch_1)
lib/LCD/libLCD.a(LCD_2in.c.obj)
                              examples/libexamples.a(LCD_2in_test.c.obj) (LCD_2IN_Init)
lib/GUI/libGUI.a(GUI_Paint.c.obj)
                              examples/libexamples.a(LCD_2in_test.c.obj) (Paint_NewImage)
lib/Fonts/libFonts.a(font16.c.obj)
                              examples/libexamples.a(LCD_2in_test.c.obj) (Font16)
lib/Fonts/libFonts.a(font20.c.obj)
                              examples/libexamples.a(LCD_2in_test.c.obj) (Font20)
lib/Fonts/libFonts.a(font24CN.c.obj)
                              examples/libexamples.a(LCD_2in_test.c.obj) (Font24CN)
lib/Config/libConfig.a(DEV_Config.c.obj)
                              lib/LCD/libLCD.a(LCD_2in.c.obj) (DEV_Digital_Write)
/usr/lib/gcc/arm-none-eabi/10.3.1/thumb/v6-m/nofp/libgcc.a(_dvmd_tls.o)
                              CMakeFiles/main.dir/__/__/pico-sdk/src/rp2_common/pico_divider/divider.S.obj (__aeabi_idiv0)
/usr/lib/gcc/arm-none-eabi/10.3.1/../../../arm-none-eabi/lib/thumb/v6-m/nofp/libc.a(lib_a-atexit.o)
                              /usr/lib/gcc/arm-none-eabi/10.3.1/../../../arm-none-eabi/lib/thumb/v6-m/nofp/crt0.o (atexit)
/usr/lib/gcc/arm-none-eabi/10.3.1/../../../arm-none-eabi/lib/thumb/v6-m/nofp/libc.a(lib_a-calloc.o)
                              CMakeFiles/main.dir/__/__/pico-sdk/src/rp2_common/pico_malloc/pico_malloc.c.obj (calloc)
/usr/lib/gcc/arm-none-eabi/10.3.1/../../../arm-none-eabi/lib/thumb/v6-m/nofp/libc.a(lib_a-callocr.o)
                              /usr/lib/gcc/arm-none-eabi/10.3.1/../../../arm-none-eabi/lib/thumb/v6-m/nofp/libc.a(lib_a-calloc.o) (_calloc_r)
/usr/lib/gcc/arm-none-eabi/10.3.1/../../../arm-none-eabi/lib/thumb/v6-m/nofp/libc.a(lib_a-fini.o)
                              /usr/lib/gcc/arm-none-eabi/10.3.1/../../../arm-none-eabi/lib/thumb/v6-m/nofp/crt0.o (__libc_fini_array)
/usr/lib/gcc/arm-none-eabi/10.3.1/../../../arm-none-eabi/lib/thumb/v6-m/nofp/libc.a(lib_a-impure.o)
                              /usr/lib/gcc/arm-none-eabi/10.3.1/../../../arm-none-eabi/lib/thumb/v6-m/nofp/libc.a(lib_a-calloc.o) (_impure_ptr)
/usr/lib/gcc/arm-none-eabi/10.3.1/../../../arm-none-eabi/lib/thumb/v6-m/nofp/libc.a(lib_a-init.o)
                              /usr/lib/gcc/arm-none-eabi/10.3.1/../../../arm-none-eabi/lib/thumb/v6-m/nofp/crt0.o (__libc_init_array)
/usr/lib/gcc/arm-none-eabi/10.3.1/../../../arm-none-eabi/lib/thumb/v6-m/nofp/libc.a(lib_a-malloc.o)
                              CMakeFiles/main.dir/__/__/pico-sdk/src/rp2_common/pico_malloc/pico_malloc.c.obj (malloc)
/usr/lib/gcc/arm-none-eabi/10.3.1/../../../arm-none-eabi/lib/thumb/v6-m/nofp/libc.a(lib_a-mallocr.o)
                              /usr/lib/gcc/arm-none-eabi/10.3.1/../../../arm-none-eabi/lib/thumb/v6-m/nofp/libc.a(lib_a-callocr.o) (_malloc_r)
/usr/lib/gcc/arm-none-eabi/10.3.1/../../../arm-none-eabi/lib/thumb/v6-m/nofp/libc.a(lib_a-mlock.o)
                              /usr/lib/gcc/arm-none-eabi/10.3.1/../../../arm-none-eabi/lib/thumb/v6-m/nofp/libc.a(lib_a-mallocr.o) (__malloc_lock)
/usr/lib/gcc/arm-none-eabi/10.3.1/../../../arm-none-eabi/lib/thumb/v6-m/nofp/libc.a(lib_a-realloc.o)
                              CMakeFiles/main.dir/__/__/pico-sdk/src/rp2_common/pico_malloc/pico_malloc.c.obj (realloc)
/usr/lib/gcc/arm-none-eabi/10.3.1/../../../arm-none-eabi/lib/thumb/v6-m/nofp/libc.a(lib_a-reallocr.o)
                              /usr/lib/gcc/arm-none-eabi/10.3.1/../../../arm-none-eabi/lib/thumb/v6-m/nofp/libc.a(lib_a-realloc.o) (_realloc_r)
/usr/lib/gcc/arm-none-eabi/10.3.1/../../../arm-none-eabi/lib/thumb/v6-m/nofp/libc.a(lib_a-sbrkr.o)
                              /usr/lib/gcc/arm-none-eabi/10.3.1/../../../arm-none-eabi/lib/thumb/v6-m/nofp/libc.a(lib_a-mallocr.o) (_sbrk_r)
/usr/lib/gcc/arm-none-eabi/10.3.1/../../../arm-none-eabi/lib/thumb/v6-m/nofp/libc.a(lib_a-strlen-stub.o)
                              CMakeFiles/main.dir/__/__/pico-sdk/src/rp2_common/pico_stdio/stdio.c.obj (strlen)
/usr/lib/gcc/arm-none-eabi/10.3.1/../../../arm-none-eabi/lib/thumb/v6-m/nofp/libc.a(lib_a-__atexit.o)
                              /usr/lib/gcc/arm-none-eabi/10.3.1/../../../arm-none-eabi/lib/thumb/v6-m/nofp/libc.a(lib_a-atexit.o) (__register_exitproc)
/usr/lib/gcc/arm-none-eabi/10.3.1/../../../arm-none-eabi/lib/thumb/v6-m/nofp/libc.a(lib_a-freer.o)
                              /usr/lib/gcc/arm-none-eabi/10.3.1/../../../arm-none-eabi/lib/thumb/v6-m/nofp/libc.a(lib_a-malloc.o) (_free_r)
/usr/lib/gcc/arm-none-eabi/10.3.1/../../../arm-none-eabi/lib/thumb/v6-m/nofp/libc.a(lib_a-memmove.o)
                              /usr/lib/gcc/arm-none-eabi/10.3.1/../../../arm-none-eabi/lib/thumb/v6-m/nofp/libc.a(lib_a-reallocr.o) (memmove)
[...]
Memory Configuration

Name             Origin             Length             Attributes
FLASH            0x0000000010000000 0x0000000000200000 xr
RAM              0x0000000020000000 0x0000000000040000 xrw
SCRATCH_X        0x0000000020040000 0x0000000000001000 xrw
SCRATCH_Y        0x0000000020041000 0x0000000000001000 xrw
*default*        0x0000000000000000 0xffffffffffffffff

Linker script and memory map

LOAD /usr/lib/gcc/arm-none-eabi/10.3.1/thumb/v6-m/nofp/crti.o
LOAD /usr/lib/gcc/arm-none-eabi/10.3.1/thumb/v6-m/nofp/crtbegin.o
LOAD /usr/lib/gcc/arm-none-eabi/10.3.1/../../../arm-none-eabi/lib/thumb/v6-m/nofp/crt0.o

.flash_begin    0x0000000010000000        0x0
                0x0000000010000000                __flash_binary_start = .

.boot2          0x0000000010000000      0x100
                0x0000000010000000                __boot2_start__ = .
 *(.boot2)
 .boot2         0x0000000010000000      0x100 /tmp/ccqqadGC.o
                0x0000000010000100                __boot2_end__ = .
                0x0000000000000001                ASSERT (((__boot2_end__ - __boot2_start__) == 0x100), ERROR: Pico second stage bootloader must be 256 bytes in size)

.text           0x0000000010000100     0x7fc8
                0x0000000010000100                __logical_binary_start = .
 *(.vectors)
 .vectors       0x0000000010000100       0xd4 CMakeFiles/main.dir/__/__/pico-sdk/src/rp2_common/pico_standard_link/crt0.S.obj
                0x0000000010000100                __vectors
                0x0000000010000100                __VECTOR_TABLE
                0x00000000100001c0                isr_invalid
                0x00000000100001c0                __default_isrs_start
                0x00000000100001c2                isr_nmi
                0x00000000100001c4                isr_hardfault
                0x00000000100001c6                isr_svcall
                0x00000000100001c8                isr_pendsv
                0x00000000100001ca                isr_systick
                0x00000000100001cc                isr_irq30
                0x00000000100001cc                __unhandled_user_irq
                0x00000000100001cc                isr_irq13
                0x00000000100001cc                isr_irq27
                0x00000000100001cc                isr_irq31
                0x00000000100001cc                isr_irq5
                0x00000000100001cc                isr_irq11
                0x00000000100001cc                isr_irq23
                0x00000000100001cc                isr_irq18
                0x00000000100001cc                isr_irq28
                0x00000000100001cc                isr_irq19
                0x00000000100001cc                isr_irq0
                0x00000000100001cc                isr_irq6
                0x00000000100001cc                isr_irq22
                0x00000000100001cc                isr_irq17
                0x00000000100001cc                isr_irq14
                0x00000000100001cc                isr_irq2
                0x00000000100001cc                isr_irq10
                0x00000000100001cc                isr_irq8
                0x00000000100001cc                isr_irq24
                0x00000000100001cc                isr_irq1
                0x00000000100001cc                isr_irq7
                0x00000000100001cc                isr_irq21
                0x00000000100001cc                isr_irq20
                0x00000000100001cc                isr_irq15
                0x00000000100001cc                isr_irq25
                0x00000000100001cc                isr_irq4
                0x00000000100001cc                isr_irq16
                0x00000000100001cc                isr_irq29
                0x00000000100001cc                isr_irq26
                0x00000000100001cc                __default_isrs_end
                0x00000000100001cc                isr_irq3
                0x00000000100001cc                isr_irq12
                0x00000000100001cc                isr_irq9
                0x00000000100001d2                unhandled_user_irq_num_in_r0
 *(.binary_info_header)
 .binary_info_header
                0x00000000100001d4       0x14 CMakeFiles/main.dir/__/__/pico-sdk/src/rp2_common/pico_standard_link/crt0.S.obj
                0x00000000100001e8                __binary_info_header_end = .
 *(.reset)
 .reset         0x00000000100001e8       0xa0 CMakeFiles/main.dir/__/__/pico-sdk/src/rp2_common/pico_standard_link/crt0.S.obj
                0x00000000100001e8                _entry_point
 .reset         0x0000000010000288       0x30 CMakeFiles/main.dir/__/__/pico-sdk/src/rp2_common/pico_standard_link/binary_info.c.obj
 *(.init)
 .init          0x00000000100002b8        0x4 /usr/lib/gcc/arm-none-eabi/10.3.1/thumb/v6-m/nofp/crti.o
                0x00000000100002b8                _init
 *(EXCLUDE_FILE(*libm.a: *libc.a:*lib_a-mem*.o *libgcc.a:) .text*)
 .text          0x00000000100002bc       0x98 /usr/lib/gcc/arm-none-eabi/10.3.1/thumb/v6-m/nofp/crtbegin.o
 .text.startup.main
                0x0000000010000354        0xc CMakeFiles/main.dir/main.c.obj
                0x0000000010000354                main
 .text.gpio_set_function
                0x0000000010000360       0x30 CMakeFiles/main.dir/__/__/pico-sdk/src/rp2_common/hardware_gpio/gpio.c.obj
                0x0000000010000360                gpio_set_function
 .text.gpio_set_pulls
                0x0000000010000390       0x30 CMakeFiles/main.dir/__/__/pico-sdk/src/rp2_common/hardware_gpio/gpio.c.obj
                0x0000000010000390                gpio_set_pulls
 .text.gpio_init
                0x00000000100003c0       0x3c CMakeFiles/main.dir/__/__/pico-sdk/src/rp2_common/hardware_gpio/gpio.c.obj
                0x00000000100003c0                gpio_init
 .text.running_on_fpga
                0x00000000100003fc       0x10 CMakeFiles/main.dir/__/__/pico-sdk/src/rp2_common/pico_platform/platform.c.obj
                0x00000000100003fc                running_on_fpga
 .text.hw_claim_or_assert
                0x000000001000040c       0x44 CMakeFiles/main.dir/__/__/pico-sdk/src/rp2_common/hardware_claim/claim.c.obj
                0x000000001000040c                hw_claim_or_assert
 .text.spin_locks_reset
                0x0000000010000450       0x1c CMakeFiles/main.dir/__/__/pico-sdk/src/rp2_common/hardware_sync/sync.c.obj
                0x0000000010000450                spin_locks_reset
 .text.next_striped_spin_lock_num
                0x000000001000046c       0x18 CMakeFiles/main.dir/__/__/pico-sdk/src/rp2_common/hardware_sync/sync.c.obj
                0x000000001000046c                next_striped_spin_lock_num
 .text.irq_set_enabled
                0x0000000010000484       0x24 CMakeFiles/main.dir/__/__/pico-sdk/src/rp2_common/hardware_irq/irq.c.obj
                0x0000000010000484                irq_set_enabled
 .text.irq_get_vtable_handler
                0x00000000100004a8       0x10 CMakeFiles/main.dir/__/__/pico-sdk/src/rp2_common/hardware_irq/irq.c.obj
                0x00000000100004a8                irq_get_vtable_handler
 .text.irq_set_exclusive_handler
                0x00000000100004b8       0x54 CMakeFiles/main.dir/__/__/pico-sdk/src/rp2_common/hardware_irq/irq.c.obj
                0x00000000100004b8                irq_set_exclusive_handler
 .text.irq_remove_handler
                0x000000001000050c      0x1b0 CMakeFiles/main.dir/__/__/pico-sdk/src/rp2_common/hardware_irq/irq.c.obj
                0x000000001000050c                irq_remove_handler
 .text.irq_add_tail_to_free_list
                0x00000000100006bc       0xb4 CMakeFiles/main.dir/__/__/pico-sdk/src/rp2_common/hardware_irq/irq.c.obj
                0x00000000100006bc                irq_add_tail_to_free_list
 .text.irq_init_priorities
                0x0000000010000770       0x24 CMakeFiles/main.dir/__/__/pico-sdk/src/rp2_common/hardware_irq/irq.c.obj
                0x0000000010000770                irq_init_priorities
 .text.lock_init
                0x0000000010000794       0x10 CMakeFiles/main.dir/__/__/pico-sdk/src/common/pico_sync/lock_core.c.obj
                0x0000000010000794                lock_init
 .text.mutex_init
                0x00000000100007a4       0x1c CMakeFiles/main.dir/__/__/pico-sdk/src/common/pico_sync/mutex.c.obj
                0x00000000100007a4                mutex_init
 .text.recursive_mutex_init
                0x00000000100007c0       0x1c CMakeFiles/main.dir/__/__/pico-sdk/src/common/pico_sync/mutex.c.obj
                0x00000000100007c0                recursive_mutex_init
 .text.timer_pool_entry_comparator
                0x00000000100007dc       0x34 CMakeFiles/main.dir/__/__/pico-sdk/src/common/pico_time/time.c.obj
                0x00000000100007dc                timer_pool_entry_comparator
 .text.sleep_until_callback
                0x0000000010000810       0x30 CMakeFiles/main.dir/__/__/pico-sdk/src/common/pico_time/time.c.obj
 .text.add_alarm_under_lock.isra.0
                0x0000000010000840      0x100 CMakeFiles/main.dir/__/__/pico-sdk/src/common/pico_time/time.c.obj
 .text.alarm_pool_alarm_callback
                0x0000000010000940      0x1bc CMakeFiles/main.dir/__/__/pico-sdk/src/common/pico_time/time.c.obj
 .text.alarm_pool_init_default
                0x0000000010000afc       0x6c CMakeFiles/main.dir/__/__/pico-sdk/src/common/pico_time/time.c.obj
                0x0000000010000afc                alarm_pool_init_default
 .text.alarm_pool_add_alarm_at
                0x0000000010000b68      0x178 CMakeFiles/main.dir/__/__/pico-sdk/src/common/pico_time/time.c.obj
                0x0000000010000b68                alarm_pool_add_alarm_at
 .text.sleep_until
                0x0000000010000ce0       0xc4 CMakeFiles/main.dir/__/__/pico-sdk/src/common/pico_time/time.c.obj
                0x0000000010000ce0                sleep_until
 .text.sleep_ms
                0x0000000010000da4       0x34 CMakeFiles/main.dir/__/__/pico-sdk/src/common/pico_time/time.c.obj
                0x0000000010000da4                sleep_ms
 .text.best_effort_wfe_or_timeout
                0x0000000010000dd8       0xd4 CMakeFiles/main.dir/__/__/pico-sdk/src/common/pico_time/time.c.obj
                0x0000000010000dd8                best_effort_wfe_or_timeout
 .text.hardware_alarm_irq_handler
                0x0000000010000eac       0xbc CMakeFiles/main.dir/__/__/pico-sdk/src/rp2_common/hardware_timer/timer.c.obj
 .text.hardware_alarm_claim
                0x0000000010000f68       0x18 CMakeFiles/main.dir/__/__/pico-sdk/src/rp2_common/hardware_timer/timer.c.obj
                0x0000000010000f68                hardware_alarm_claim
 .text.time_us_64
                0x0000000010000f80       0x14 CMakeFiles/main.dir/__/__/pico-sdk/src/rp2_common/hardware_timer/timer.c.obj
                0x0000000010000f80                time_us_64
 .text.busy_wait_us
                0x0000000010000f94       0x54 CMakeFiles/main.dir/__/__/pico-sdk/src/rp2_common/hardware_timer/timer.c.obj
                0x0000000010000f94                busy_wait_us
 .text.busy_wait_until
                0x0000000010000fe8       0x20 CMakeFiles/main.dir/__/__/pico-sdk/src/rp2_common/hardware_timer/timer.c.obj
                0x0000000010000fe8                busy_wait_until
 .text.hardware_alarm_set_callback
                0x0000000010001008       0x8c CMakeFiles/main.dir/__/__/pico-sdk/src/rp2_common/hardware_timer/timer.c.obj
                0x0000000010001008                hardware_alarm_set_callback
 .text.hardware_alarm_set_target
                0x0000000010001094       0xd4 CMakeFiles/main.dir/__/__/pico-sdk/src/rp2_common/hardware_timer/timer.c.obj
                0x0000000010001094                hardware_alarm_set_target
 .text.hardware_alarm_cancel
                0x0000000010001168       0x3c CMakeFiles/main.dir/__/__/pico-sdk/src/rp2_common/hardware_timer/timer.c.obj
                0x0000000010001168                hardware_alarm_cancel
 .text.ph_merge_nodes
                0x00000000100011a4       0x68 CMakeFiles/main.dir/__/__/pico-sdk/src/common/pico_util/pheap.c.obj
 .text.ph_post_alloc_init
                0x000000001000120c       0x3c CMakeFiles/main.dir/__/__/pico-sdk/src/common/pico_util/pheap.c.obj
                0x000000001000120c                ph_post_alloc_init
 .text.ph_merge_two_pass
                0x0000000010001248       0x90 CMakeFiles/main.dir/__/__/pico-sdk/src/common/pico_util/pheap.c.obj
                0x0000000010001248                ph_merge_two_pass
 .text.ph_remove_any_head
                0x00000000100012d8      0x100 CMakeFiles/main.dir/__/__/pico-sdk/src/common/pico_util/pheap.c.obj
 .text.ph_remove_head
                0x00000000100013d8      0x104 CMakeFiles/main.dir/__/__/pico-sdk/src/common/pico_util/pheap.c.obj
                0x00000000100013d8                ph_remove_head
 .text.ph_remove_and_free_node
                0x00000000100014dc       0x7c CMakeFiles/main.dir/__/__/pico-sdk/src/common/pico_util/pheap.c.obj
                0x00000000100014dc                ph_remove_and_free_node
 .text.uart_init
                0x0000000010001558      0x188 CMakeFiles/main.dir/__/__/pico-sdk/src/rp2_common/hardware_uart/uart.c.obj
                0x0000000010001558                uart_init
 .text.clocks_init
                0x00000000100016e0      0x2d0 CMakeFiles/main.dir/__/__/pico-sdk/src/rp2_common/hardware_clocks/clocks.c.obj
                0x00000000100016e0                clocks_init
 .text.clock_get_hz
                0x00000000100019b0        0xc CMakeFiles/main.dir/__/__/pico-sdk/src/rp2_common/hardware_clocks/clocks.c.obj
                0x00000000100019b0                clock_get_hz
 .text.pll_init
                0x00000000100019bc       0xa0 CMakeFiles/main.dir/__/__/pico-sdk/src/rp2_common/hardware_pll/pll.c.obj
                0x00000000100019bc                pll_init
 .text.watchdog_start_tick
                0x0000000010001a5c       0x10 CMakeFiles/main.dir/__/__/pico-sdk/src/rp2_common/hardware_watchdog/watchdog.c.obj
                0x0000000010001a5c                watchdog_start_tick
 .text.xosc_init
                0x0000000010001a6c       0x28 CMakeFiles/main.dir/__/__/pico-sdk/src/rp2_common/hardware_xosc/xosc.c.obj
                0x0000000010001a6c                xosc_init
 .text.runtime_init
                0x0000000010001a94       0xf0 CMakeFiles/main.dir/__/__/pico-sdk/src/rp2_common/pico_runtime/runtime.c.obj
                0x0000000010001a94                runtime_init
 .text._exit    0x0000000010001b84        0x4 CMakeFiles/main.dir/__/__/pico-sdk/src/rp2_common/pico_runtime/runtime.c.obj
                0x0000000010001b84                _exit
 .text._sbrk    0x0000000010001b88       0x34 CMakeFiles/main.dir/__/__/pico-sdk/src/rp2_common/pico_runtime/runtime.c.obj
                0x0000000010001b88                _sbrk
 .text.exit     0x0000000010001bbc        0x8 CMakeFiles/main.dir/__/__/pico-sdk/src/rp2_common/pico_runtime/runtime.c.obj
                0x0000000010001bbc                exit
 .text.panic    0x0000000010001bc4       0x30 CMakeFiles/main.dir/__/__/pico-sdk/src/rp2_common/pico_runtime/runtime.c.obj
                0x0000000010001bc4                panic
 .text.hard_assertion_failure
                0x0000000010001bf4        0xc CMakeFiles/main.dir/__/__/pico-sdk/src/rp2_common/pico_runtime/runtime.c.obj
                0x0000000010001bf4                hard_assertion_failure
 .text._out_null
                0x0000000010001c00        0x4 CMakeFiles/main.dir/__/__/pico-sdk/src/rp2_common/pico_printf/printf.c.obj
 .text._out_rev
                0x0000000010001c04       0x9c CMakeFiles/main.dir/__/__/pico-sdk/src/rp2_common/pico_printf/printf.c.obj
 .text._ntoa_format
                0x0000000010001ca0      0x1cc CMakeFiles/main.dir/__/__/pico-sdk/src/rp2_common/pico_printf/printf.c.obj
 .text._out_char
                0x0000000010001e6c       0x10 CMakeFiles/main.dir/__/__/pico-sdk/src/rp2_common/pico_printf/printf.c.obj
 .text._out_fct
                0x0000000010001e7c       0x10 CMakeFiles/main.dir/__/__/pico-sdk/src/rp2_common/pico_printf/printf.c.obj
 .text._etoa    0x0000000010001e8c      0x44c CMakeFiles/main.dir/__/__/pico-sdk/src/rp2_common/pico_printf/printf.c.obj
 .text._ftoa    0x00000000100022d8      0x398 CMakeFiles/main.dir/__/__/pico-sdk/src/rp2_common/pico_printf/printf.c.obj
 .text._vsnprintf
                0x0000000010002670      0xb04 CMakeFiles/main.dir/__/__/pico-sdk/src/rp2_common/pico_printf/printf.c.obj
 .text.vfctprintf
                0x0000000010003174       0x20 CMakeFiles/main.dir/__/__/pico-sdk/src/rp2_common/pico_printf/printf.c.obj
                0x0000000010003174                vfctprintf
 .text.weak_raw_vprintf
                0x0000000010003194       0x30 CMakeFiles/main.dir/__/__/pico-sdk/src/rp2_common/pico_printf/printf.c.obj
                0x0000000010003194                weak_raw_vprintf
 .text          0x00000000100031c4       0x10 CMakeFiles/main.dir/__/__/pico-sdk/src/rp2_common/pico_bit_ops/bit_ops_aeabi.S.obj
 .text.rom_func_lookup
                0x00000000100031d4       0x10 CMakeFiles/main.dir/__/__/pico-sdk/src/rp2_common/pico_bootrom/bootrom.c.obj
                0x00000000100031d4                rom_func_lookup
 .text.rom_data_lookup
                0x00000000100031e4       0x10 CMakeFiles/main.dir/__/__/pico-sdk/src/rp2_common/pico_bootrom/bootrom.c.obj
                0x00000000100031e4                rom_data_lookup
 .text.rom_funcs_lookup
                0x00000000100031f4       0x44 CMakeFiles/main.dir/__/__/pico-sdk/src/rp2_common/pico_bootrom/bootrom.c.obj
                0x00000000100031f4                rom_funcs_lookup
 .text.__wrap___aeabi_idiv
                0x0000000010003238       0x50 CMakeFiles/main.dir/__/__/pico-sdk/src/rp2_common/pico_divider/divider.S.obj
                0x0000000010003238                __wrap___aeabi_idivmod
                0x0000000010003238                divmod_s32s32
                0x0000000010003238                div_s32s32
                0x0000000010003238                __wrap___aeabi_idiv
                0x0000000010003240                divmod_s32s32_unsafe
                0x000000001000326c                divmod_s32s32_savestate
 .text.__wrap___aeabi_uidiv
                0x0000000010003288       0x4c CMakeFiles/main.dir/__/__/pico-sdk/src/rp2_common/pico_divider/divider.S.obj
                0x0000000010003288                __wrap___aeabi_uidiv
                0x0000000010003288                __wrap___aeabi_uidivmod
                0x0000000010003288                div_u32u32
                0x0000000010003288                divmod_u32u32
                0x0000000010003290                divmod_u32u32_unsafe
                0x00000000100032b8                divmod_u32u32_savestate
 .text.__wrap___aeabi_ldiv
                0x00000000100032d4      0x424 CMakeFiles/main.dir/__/__/pico-sdk/src/rp2_common/pico_divider/divider.S.obj
                0x00000000100032d4                div_s64s64
                0x00000000100032d4                divmod_s64s64
                0x00000000100032d4                __wrap___aeabi_ldivmod
                0x0000000010003304                div_u64u64
                0x0000000010003304                divmod_u64u64
                0x0000000010003304                __wrap___aeabi_uldivmod
                0x0000000010003314                divmod_u64u64_savestate
                0x0000000010003334                divmod_s64s64_unsafe
                0x00000000100033bc                divmod_u64u64_unsafe
 .text.__wrap___aeabi_darithmetic
                0x00000000100036f8       0x80 CMakeFiles/main.dir/__/__/pico-sdk/src/rp2_common/pico_double/double_aeabi.S.obj
                0x00000000100036f8                __wrap___aeabi_drsub
                0x00000000100036fe                __wrap___aeabi_dsub
                0x0000000010003710                __wrap___aeabi_dadd
                0x0000000010003722                __wrap___aeabi_ddiv
                0x000000001000375e                __wrap___aeabi_dmul
 .text.__wrap___aeabi_cdcmple
                0x0000000010003778       0x6c CMakeFiles/main.dir/__/__/pico-sdk/src/rp2_common/pico_double/double_aeabi.S.obj
                0x0000000010003778                __wrap___aeabi_cdrcmple
                0x0000000010003788                __wrap___aeabi_cdcmple
                0x0000000010003788                __wrap___aeabi_cdcmpeq
 .text.__wrap___aeabi_dcmplt
                0x00000000100037e4        0xc CMakeFiles/main.dir/__/__/pico-sdk/src/rp2_common/pico_double/double_aeabi.S.obj
                0x00000000100037e4                __wrap___aeabi_dcmplt
 .text.__wrap___aeabi_dcmple
                0x00000000100037f0       0x10 CMakeFiles/main.dir/__/__/pico-sdk/src/rp2_common/pico_double/double_aeabi.S.obj
                0x00000000100037f0                __wrap___aeabi_dcmple
 .text.__wrap___aeabi_dcmpge
                0x0000000010003800       0x10 CMakeFiles/main.dir/__/__/pico-sdk/src/rp2_common/pico_double/double_aeabi.S.obj
                0x0000000010003800                __wrap___aeabi_dcmpge
 .text.__wrap___aeabi_dcmpgt
                0x0000000010003810        0xa CMakeFiles/main.dir/__/__/pico-sdk/src/rp2_common/pico_double/double_aeabi.S.obj
                0x0000000010003810                __wrap___aeabi_dcmpgt
 .text.__wrap___aeabi_dcmpun
                0x000000001000381a       0x1c CMakeFiles/main.dir/__/__/pico-sdk/src/rp2_common/pico_double/double_aeabi.S.obj
                0x000000001000381a                __wrap___aeabi_dcmpun
 *fill*         0x0000000010003836        0x2 
 .text.__wrap___aeabi_i2d
                0x0000000010003838       0x38 CMakeFiles/main.dir/__/__/pico-sdk/src/rp2_common/pico_double/double_aeabi.S.obj
                0x0000000010003838                __wrap___aeabi_ui2d
                0x0000000010003840                __wrap___aeabi_i2d
 .text.__wrap___aeabi_d2iz
                0x0000000010003870       0x48 CMakeFiles/main.dir/__/__/pico-sdk/src/rp2_common/pico_double/double_aeabi.S.obj
                0x0000000010003870                __wrap___aeabi_d2iz
                0x0000000010003870                double2int_z
 .text.__wrap___aeabi_d2uiz
                0x00000000100038b8       0x18 CMakeFiles/main.dir/__/__/pico-sdk/src/rp2_common/pico_double/double_aeabi.S.obj
                0x00000000100038b8                double2uint
                0x00000000100038b8                __wrap___aeabi_d2uiz
 .text.__wrap___aeabi_d2f
                0x00000000100038d0       0x18 CMakeFiles/main.dir/__/__/pico-sdk/src/rp2_common/pico_double/double_aeabi.S.obj
                0x00000000100038d0                __wrap___aeabi_d2f
 .text.__aeabi_double_init
                0x00000000100038e8       0x94 CMakeFiles/main.dir/__/__/pico-sdk/src/rp2_common/pico_double/double_init_rom.c.obj
                0x00000000100038e8                __aeabi_double_init
 .text.double_table_shim_on_use_helper
                0x000000001000397c       0x2c CMakeFiles/main.dir/__/__/pico-sdk/src/rp2_common/pico_double/double_v1_rom_shim.S.obj
                0x000000001000397c                double_table_shim_on_use_helper
 .text.__wrap___aeabi_dsub
                0x00000000100039a8       0x10 CMakeFiles/main.dir/__/__/pico-sdk/src/rp2_common/pico_double/double_v1_rom_shim.S.obj
                0x00000000100039a8                drsub_shim
                0x00000000100039ae                dsub_shim
 .text.dadd_shim
                0x00000000100039b8      0x15c CMakeFiles/main.dir/__/__/pico-sdk/src/rp2_common/pico_double/double_v1_rom_shim.S.obj
                0x00000000100039b8                dadd_shim
 .text.dmul_shim
                0x0000000010003b14      0x15c CMakeFiles/main.dir/__/__/pico-sdk/src/rp2_common/pico_double/double_v1_rom_shim.S.obj
                0x0000000010003b14                dmul_shim
 .text.ddiv_shim
                0x0000000010003c70      0x1b0 CMakeFiles/main.dir/__/__/pico-sdk/src/rp2_common/pico_double/double_v1_rom_shim.S.obj
                0x0000000010003c70                ddiv_shim
 .text.double2uint_shim
                0x0000000010003e20        0xe CMakeFiles/main.dir/__/__/pico-sdk/src/rp2_common/pico_double/double_v1_rom_shim.S.obj
                0x0000000010003e20                double2uint_shim
                0x0000000010003e22                double2ufix_shim
 *fill*         0x0000000010003e2e        0x2 
 .text.double2uint64_shim
                0x0000000010003e30       0x70 CMakeFiles/main.dir/__/__/pico-sdk/src/rp2_common/pico_double/double_v1_rom_shim.S.obj
                0x0000000010003e30                double2uint64_shim
                0x0000000010003e32                double2ufix64_shim
                0x0000000010003e52                d2fix_a
 .text.double2float_shim
                0x0000000010003ea0       0x5c CMakeFiles/main.dir/__/__/pico-sdk/src/rp2_common/pico_double/double_v1_rom_shim.S.obj
                0x0000000010003ea0                double2float_shim
 .text.dunpacks
                0x0000000010003efc       0x3c CMakeFiles/main.dir/__/__/pico-sdk/src/rp2_common/pico_double/double_v1_rom_shim.S.obj
                0x0000000010003efc                dunpacks
 .text.__aeabi_lmul
                0x0000000010003f38       0x32 CMakeFiles/main.dir/__/__/pico-sdk/src/rp2_common/pico_int64_ops/pico_int64_ops_aeabi.S.obj
                0x0000000010003f38                __wrap___aeabi_lmul
 *fill*         0x0000000010003f6a        0x2 
 .text.__wrap___aeabi_farithmetic
                0x0000000010003f6c       0x48 CMakeFiles/main.dir/__/__/pico-sdk/src/rp2_common/pico_float/float_aeabi.S.obj
                0x0000000010003f6c                __wrap___aeabi_frsub
                0x0000000010003f72                __wrap___aeabi_fsub
                0x0000000010003f78                __wrap___aeabi_fadd
                0x0000000010003f7e                __wrap___aeabi_fdiv
                0x0000000010003fa6                __wrap___aeabi_fmul
 .text.__wrap___aeabi_f2iz
                0x0000000010003fb4       0x4e CMakeFiles/main.dir/__/__/pico-sdk/src/rp2_common/pico_float/float_aeabi.S.obj
                0x0000000010003fb4                __wrap___aeabi_f2iz
                0x0000000010003fb4                float2int_z
 *fill*         0x0000000010004002        0x2 
 .text.float2int
                0x0000000010004004       0x14 CMakeFiles/main.dir/__/__/pico-sdk/src/rp2_common/pico_float/float_aeabi.S.obj
                0x0000000010004004                float2int
 .text.__wrap___aeabi_f2uiz
                0x0000000010004018        0xc CMakeFiles/main.dir/__/__/pico-sdk/src/rp2_common/pico_float/float_aeabi.S.obj
                0x0000000010004018                __wrap___aeabi_f2uiz
 .text.__aeabi_float_init
                0x0000000010004024       0x64 CMakeFiles/main.dir/__/__/pico-sdk/src/rp2_common/pico_float/float_init_rom.c.obj
                0x0000000010004024                __aeabi_float_init
 .text.float_table_shim_on_use_helper
                0x0000000010004088       0x2c CMakeFiles/main.dir/__/__/pico-sdk/src/rp2_common/pico_float/float_v1_rom_shim.S.obj
                0x0000000010004088                float_table_shim_on_use_helper
 .text.float232_shims
                0x00000000100040b4       0x18 CMakeFiles/main.dir/__/__/pico-sdk/src/rp2_common/pico_float/float_v1_rom_shim.S.obj
                0x00000000100040b4                float2int_shim
                0x00000000100040b6                float2fix_shim
 .text.__wrap_malloc
                0x00000000100040cc       0x24 CMakeFiles/main.dir/__/__/pico-sdk/src/rp2_common/pico_malloc/pico_malloc.c.obj
                0x00000000100040cc                __wrap_malloc
 .text.__wrap_free
                0x00000000100040f0        0x8 CMakeFiles/main.dir/__/__/pico-sdk/src/rp2_common/pico_malloc/pico_malloc.c.obj
                0x00000000100040f0                __wrap_free
 .text          0x00000000100040f8       0x10 CMakeFiles/main.dir/__/__/pico-sdk/src/rp2_common/pico_mem_ops/mem_ops_aeabi.S.obj
                0x00000000100040f8                __aeabi_mem_init
 .text.memset   0x0000000010004108        0xc CMakeFiles/main.dir/__/__/pico-sdk/src/rp2_common/pico_mem_ops/mem_ops_aeabi.S.obj
                0x0000000010004108                __wrap_memset
 .text.memcpy   0x0000000010004114        0xc CMakeFiles/main.dir/__/__/pico-sdk/src/rp2_common/pico_mem_ops/mem_ops_aeabi.S.obj
                0x0000000010004114                __wrap___aeabi_memcpy
                0x0000000010004114                __wrap_memcpy
 .text.stdio_out_chars_no_crlf
                0x0000000010004120       0x10 CMakeFiles/main.dir/__/__/pico-sdk/src/rp2_common/pico_stdio/stdio.c.obj
 .text.stdio_out_chars_crlf
                0x0000000010004130       0xb4 CMakeFiles/main.dir/__/__/pico-sdk/src/rp2_common/pico_stdio/stdio.c.obj
 .text.stdio_buffered_printer
                0x00000000100041e4       0x64 CMakeFiles/main.dir/__/__/pico-sdk/src/rp2_common/pico_stdio/stdio.c.obj
 .text.stdio_put_string.isra.0
                0x0000000010004248       0xfc CMakeFiles/main.dir/__/__/pico-sdk/src/rp2_common/pico_stdio/stdio.c.obj
 .text.__wrap_putchar
                0x0000000010004344       0x98 CMakeFiles/main.dir/__/__/pico-sdk/src/rp2_common/pico_stdio/stdio.c.obj
                0x0000000010004344                __wrap_putchar
 .text.__wrap_puts
                0x00000000100043dc       0x3c CMakeFiles/main.dir/__/__/pico-sdk/src/rp2_common/pico_stdio/stdio.c.obj
                0x00000000100043dc                __wrap_puts
 .text.stdio_set_driver_enabled
                0x0000000010004418       0x30 CMakeFiles/main.dir/__/__/pico-sdk/src/rp2_common/pico_stdio/stdio.c.obj
                0x0000000010004418                stdio_set_driver_enabled
 .text.__wrap_vprintf
                0x0000000010004448       0xd8 CMakeFiles/main.dir/__/__/pico-sdk/src/rp2_common/pico_stdio/stdio.c.obj
                0x0000000010004448                __wrap_vprintf
 .text.__wrap_printf
                0x0000000010004520       0x18 CMakeFiles/main.dir/__/__/pico-sdk/src/rp2_common/pico_stdio/stdio.c.obj
                0x0000000010004520                __wrap_printf
 .text.stdio_init_all
                0x0000000010004538        0xc CMakeFiles/main.dir/__/__/pico-sdk/src/rp2_common/pico_stdio/stdio.c.obj
                0x0000000010004538                stdio_init_all
 .text.stdio_uart_out_chars
                0x0000000010004544       0x4c CMakeFiles/main.dir/__/__/pico-sdk/src/rp2_common/pico_stdio_uart/stdio_uart.c.obj
 .text.stdio_uart_in_chars
                0x0000000010004590       0x84 CMakeFiles/main.dir/__/__/pico-sdk/src/rp2_common/pico_stdio_uart/stdio_uart.c.obj
                0x0000000010004590                stdio_uart_in_chars
 .text.on_uart_rx
                0x0000000010004614       0x28 CMakeFiles/main.dir/__/__/pico-sdk/src/rp2_common/pico_stdio_uart/stdio_uart.c.obj
 .text.stdio_uart_set_chars_available_callback
                0x000000001000463c       0x8c CMakeFiles/main.dir/__/__/pico-sdk/src/rp2_common/pico_stdio_uart/stdio_uart.c.obj
 .text.stdio_uart_init
                0x00000000100046c8       0x48 CMakeFiles/main.dir/__/__/pico-sdk/src/rp2_common/pico_stdio_uart/stdio_uart.c.obj
                0x00000000100046c8                stdio_uart_init
 .text.spi_init
                0x0000000010004710      0x138 CMakeFiles/main.dir/__/__/pico-sdk/src/rp2_common/hardware_spi/spi.c.obj
                0x0000000010004710                spi_init
 .text.i2c_set_baudrate
                0x0000000010004848       0xc4 CMakeFiles/main.dir/__/__/pico-sdk/src/rp2_common/hardware_i2c/i2c.c.obj
                0x0000000010004848                i2c_set_baudrate
 .text.i2c_init
                0x000000001000490c       0x54 CMakeFiles/main.dir/__/__/pico-sdk/src/rp2_common/hardware_i2c/i2c.c.obj
                0x000000001000490c                i2c_init
 .text.LCD_2in_test
                0x0000000010004960      0x250 examples/libexamples.a(LCD_2in_test.c.obj)
                0x0000000010004960                LCD_2in_test
 .text.LCD_2IN_Init
                0x0000000010004bb0      0x900 lib/LCD/libLCD.a(LCD_2in.c.obj)
                0x0000000010004bb0                LCD_2IN_Init
 .text.LCD_2IN_Clear
                0x00000000100054b0      0x1a0 lib/LCD/libLCD.a(LCD_2in.c.obj)
                0x00000000100054b0                LCD_2IN_Clear
 .text.LCD_2IN_Display
                0x0000000010005650      0x1d4 lib/LCD/libLCD.a(LCD_2in.c.obj)
                0x0000000010005650                LCD_2IN_Display
 .text.Paint_SetPixel.part.0
                0x0000000010005824      0x12c lib/GUI/libGUI.a(GUI_Paint.c.obj)
 .text.Paint_DrawChar.part.0
                0x0000000010005950       0xf8 lib/GUI/libGUI.a(GUI_Paint.c.obj)
 .text.Paint_DrawLine.constprop.0
                0x0000000010005a48      0x404 lib/GUI/libGUI.a(GUI_Paint.c.obj)
 .text.Paint_DrawPoint.constprop.0
                0x0000000010005e4c      0x160 lib/GUI/libGUI.a(GUI_Paint.c.obj)
 .text.Paint_DrawPoint.constprop.1
                0x0000000010005fac      0x314 lib/GUI/libGUI.a(GUI_Paint.c.obj)
 .text.Paint_NewImage
                0x00000000100062c0       0x44 lib/GUI/libGUI.a(GUI_Paint.c.obj)
                0x00000000100062c0                Paint_NewImage
 .text.Paint_SetRotate
                0x0000000010006304       0x20 lib/GUI/libGUI.a(GUI_Paint.c.obj)
                0x0000000010006304                Paint_SetRotate
 .text.Paint_SetScale
                0x0000000010006324       0x6c lib/GUI/libGUI.a(GUI_Paint.c.obj)
                0x0000000010006324                Paint_SetScale
 .text.Paint_Clear
                0x0000000010006390       0xc4 lib/GUI/libGUI.a(GUI_Paint.c.obj)
                0x0000000010006390                Paint_Clear
 .text.Paint_DrawPoint
                0x0000000010006454      0x2e0 lib/GUI/libGUI.a(GUI_Paint.c.obj)
                0x0000000010006454                Paint_DrawPoint
 .text.Paint_DrawLine
                0x0000000010006734      0x454 lib/GUI/libGUI.a(GUI_Paint.c.obj)
                0x0000000010006734                Paint_DrawLine
 .text.Paint_DrawRectangle
                0x0000000010006b88      0x128 lib/GUI/libGUI.a(GUI_Paint.c.obj)
                0x0000000010006b88                Paint_DrawRectangle
 .text.Paint_DrawCircle
                0x0000000010006cb0      0x3b0 lib/GUI/libGUI.a(GUI_Paint.c.obj)
                0x0000000010006cb0                Paint_DrawCircle
 .text.Paint_DrawString_EN
                0x0000000010007060       0xa4 lib/GUI/libGUI.a(GUI_Paint.c.obj)
                0x0000000010007060                Paint_DrawString_EN
 .text.Paint_DrawString_CN
                0x0000000010007104      0x228 lib/GUI/libGUI.a(GUI_Paint.c.obj)
                0x0000000010007104                Paint_DrawString_CN
 .text.Paint_DrawNum
                0x000000001000732c      0x1c8 lib/GUI/libGUI.a(GUI_Paint.c.obj)
                0x000000001000732c                Paint_DrawNum
 .text.Paint_DrawImage1
                0x00000000100074f4       0x98 lib/GUI/libGUI.a(GUI_Paint.c.obj)
                0x00000000100074f4                Paint_DrawImage1
 .text.DEV_Digital_Write
                0x000000001000758c       0x14 lib/Config/libConfig.a(DEV_Config.c.obj)
                0x000000001000758c                DEV_Digital_Write
 .text.DEV_SPI_WriteByte
                0x00000000100075a0       0x1c lib/Config/libConfig.a(DEV_Config.c.obj)
                0x00000000100075a0                DEV_SPI_WriteByte
 .text.DEV_SPI_Write_nByte
                0x00000000100075bc       0x14 lib/Config/libConfig.a(DEV_Config.c.obj)
                0x00000000100075bc                DEV_SPI_Write_nByte
 .text.DEV_Delay_ms
                0x00000000100075d0        0x8 lib/Config/libConfig.a(DEV_Config.c.obj)
                0x00000000100075d0                DEV_Delay_ms
 .text.DEV_GPIO_Init
                0x00000000100075d8       0xa8 lib/Config/libConfig.a(DEV_Config.c.obj)
                0x00000000100075d8                DEV_GPIO_Init
 .text.DEV_Module_Init
                0x0000000010007680      0x12c lib/Config/libConfig.a(DEV_Config.c.obj)
                0x0000000010007680                DEV_Module_Init
 .text.DEV_SET_PWM
                0x00000000100077ac       0x40 lib/Config/libConfig.a(DEV_Config.c.obj)
                0x00000000100077ac                DEV_SET_PWM
 .text.DEV_Module_Exit
                0x00000000100077ec        0x4 lib/Config/libConfig.a(DEV_Config.c.obj)
                0x00000000100077ec                DEV_Module_Exit
 .text          0x00000000100077f0       0x28 /usr/lib/gcc/arm-none-eabi/10.3.1/../../../arm-none-eabi/lib/thumb/v6-m/nofp/libc.a(lib_a-malloc.o)
                0x00000000100077f0                malloc
                0x0000000010007804                free
 .text          0x0000000010007818      0x574 /usr/lib/gcc/arm-none-eabi/10.3.1/../../../arm-none-eabi/lib/thumb/v6-m/nofp/libc.a(lib_a-mallocr.o)
                0x0000000010007818                _malloc_r
 .text          0x0000000010007d8c        0x8 /usr/lib/gcc/arm-none-eabi/10.3.1/../../../arm-none-eabi/lib/thumb/v6-m/nofp/libc.a(lib_a-mlock.o)
                0x0000000010007d8c                __malloc_lock
                0x0000000010007d90                __malloc_unlock
 .text          0x0000000010007d94       0x24 /usr/lib/gcc/arm-none-eabi/10.3.1/../../../arm-none-eabi/lib/thumb/v6-m/nofp/libc.a(lib_a-sbrkr.o)
                0x0000000010007d94                _sbrk_r
 .text          0x0000000010007db8       0x5c /usr/lib/gcc/arm-none-eabi/10.3.1/../../../arm-none-eabi/lib/thumb/v6-m/nofp/libc.a(lib_a-strlen-stub.o)
                0x0000000010007db8                strlen
 .text          0x0000000010007e14      0x260 /usr/lib/gcc/arm-none-eabi/10.3.1/../../../arm-none-eabi/lib/thumb/v6-m/nofp/libc.a(lib_a-freer.o)
                0x0000000010007e14                _malloc_trim_r
                0x0000000010007eb0                _free_r
 *(.fini)
 .fini          0x0000000010008074        0x4 /usr/lib/gcc/arm-none-eabi/10.3.1/thumb/v6-m/nofp/crti.o
                0x0000000010008074                _fini
 .fini.__stub   0x0000000010008078       0x50 linker stubs
 *crtbegin.o(.ctors)
 *crtbegin?.o(.ctors)
 *(EXCLUDE_FILE(*crtend.o *crtend?.o) .ctors)
 *(SORT_BY_NAME(.ctors.*))
 *(.ctors)
 *crtbegin.o(.dtors)
 *crtbegin?.o(.dtors)
 *(EXCLUDE_FILE(*crtend.o *crtend?.o) .dtors)
 *(SORT_BY_NAME(.dtors.*))
 *(.dtors)
 *(.eh_frame*)
 .eh_frame      0x00000000100080c8        0x0 /usr/lib/gcc/arm-none-eabi/10.3.1/thumb/v6-m/nofp/crtbegin.o
                0x00000000100080c8                . = ALIGN (0x4)

.glue_7         0x00000000100080c8        0x0
 .glue_7        0x00000000100080c8        0x0 linker stubs

.glue_7t        0x00000000100080c8        0x0
 .glue_7t       0x00000000100080c8        0x0 linker stubs

.vfp11_veneer   0x00000000100080c8        0x0
 .vfp11_veneer  0x00000000100080c8        0x0 linker stubs

.v4_bx          0x00000000100080c8        0x0
 .v4_bx         0x00000000100080c8        0x0 linker stubs

.iplt           0x00000000100080c8        0x0
 .iplt          0x00000000100080c8        0x0 /usr/lib/gcc/arm-none-eabi/10.3.1/thumb/v6-m/nofp/crtbegin.o

.rodata         0x00000000100080c8    0x28b4c
 *(EXCLUDE_FILE(*libm.a: *libc.a:*lib_a-mem*.o *libgcc.a:) .rodata*)
 .rodata.hardware_alarm_claim.str1.4
                0x00000000100080c8       0x22 CMakeFiles/main.dir/__/__/pico-sdk/src/rp2_common/hardware_timer/timer.c.obj
 *fill*         0x00000000100080ea        0x2 
 .rodata.panic.str1.4
                0x00000000100080ec       0x12 CMakeFiles/main.dir/__/__/pico-sdk/src/rp2_common/pico_runtime/runtime.c.obj
 *fill*         0x00000000100080fe        0x2 
 .rodata.hard_assertion_failure.str1.4
                0x0000000010008100        0xc CMakeFiles/main.dir/__/__/pico-sdk/src/rp2_common/pico_runtime/runtime.c.obj
 .rodata._ftoa.str1.4
                0x000000001000810c       0x15 CMakeFiles/main.dir/__/__/pico-sdk/src/rp2_common/pico_printf/printf.c.obj
 *fill*         0x0000000010008121        0x3 
 .rodata._vsnprintf
                0x0000000010008124      0x1e0 CMakeFiles/main.dir/__/__/pico-sdk/src/rp2_common/pico_printf/printf.c.obj
 *fill*         0x0000000010008304        0x4 
 .rodata.pow10.0
                0x0000000010008308       0x50 CMakeFiles/main.dir/__/__/pico-sdk/src/rp2_common/pico_printf/printf.c.obj
 .rodata.__wrap_malloc.str1.4
                0x0000000010008358        0xe CMakeFiles/main.dir/__/__/pico-sdk/src/rp2_common/pico_malloc/pico_malloc.c.obj
 *fill*         0x0000000010008366        0x2 
 .rodata.str1.4
                0x0000000010008368       0x3c CMakeFiles/main.dir/__/__/pico-sdk/src/rp2_common/pico_standard_link/binary_info.c.obj
 .rodata.__bi_44
                0x00000000100083a4        0xc CMakeFiles/main.dir/__/__/pico-sdk/src/rp2_common/pico_standard_link/binary_info.c.obj
 .rodata.__bi_75
                0x00000000100083b0        0xc CMakeFiles/main.dir/__/__/pico-sdk/src/rp2_common/pico_standard_link/binary_info.c.obj
 .rodata.__bi_81
                0x00000000100083bc        0xc CMakeFiles/main.dir/__/__/pico-sdk/src/rp2_common/pico_standard_link/binary_info.c.obj
 .rodata.crlf_str.0
                0x00000000100083c8        0x2 CMakeFiles/main.dir/__/__/pico-sdk/src/rp2_common/pico_stdio/stdio.c.obj
 *fill*         0x00000000100083ca        0x2 
 .rodata.str1.4
                0x00000000100083cc       0x2c CMakeFiles/main.dir/__/__/pico-sdk/src/rp2_common/pico_stdio_uart/stdio_uart.c.obj
 .rodata.__bi_33.4
                0x00000000100083f8        0xc CMakeFiles/main.dir/__/__/pico-sdk/src/rp2_common/pico_stdio_uart/stdio_uart.c.obj
 .rodata.__bi_34.5
                0x0000000010008404        0x8 CMakeFiles/main.dir/__/__/pico-sdk/src/rp2_common/pico_stdio_uart/stdio_uart.c.obj
 .rodata.LCD_2in_test.str1.4
                0x000000001000840c       0x7e examples/libexamples.a(LCD_2in_test.c.obj)
 *fill*         0x000000001000848a        0x2 
 .rodata.gImage_2inch_1
                0x000000001000848c    0x25800 examples/libexamples.a(ImageData.c.obj)
                0x000000001000848c                gImage_2inch_1
 .rodata.Paint_DrawLine.constprop.0.str1.4
                0x000000001002dc8c       0x49 lib/GUI/libGUI.a(GUI_Paint.c.obj)
 *fill*         0x000000001002dcd5        0x3 
 .rodata        0x000000001002dcd8      0xbe0 lib/Fonts/libFonts.a(font16.c.obj)
                0x000000001002dcd8                Font16_Table
 .rodata        0x000000001002e8b8      0xed8 lib/Fonts/libFonts.a(font20.c.obj)
                0x000000001002e8b8                Font20_Table
 .rodata        0x000000001002f790     0x1458 lib/Fonts/libFonts.a(font24CN.c.obj)
                0x000000001002f790                Font24CN_Table
 .rodata.DEV_Module_Init.str1.4
                0x0000000010030be8       0x15 lib/Config/libConfig.a(DEV_Config.c.obj)
 *fill*         0x0000000010030bfd        0x3 
 .rodata.DEV_SET_PWM.str1.4
                0x0000000010030c00       0x14 lib/Config/libConfig.a(DEV_Config.c.obj)
                0x0000000010030c14                . = ALIGN (0x4)
 *(SORT_BY_ALIGNMENT(SORT_BY_NAME(.flashdata*)))
                0x0000000010030c14                . = ALIGN (0x4)

.ARM.extab
 *(.ARM.extab* .gnu.linkonce.armextab.*)
                0x0000000010030c14                __exidx_start = .

.ARM.exidx
 *(.ARM.exidx* .gnu.linkonce.armexidx.*)
                0x0000000010030c14                __exidx_end = .
                0x0000000010030c14                . = ALIGN (0x4)
                0x0000000010030c14                __binary_info_start = .

.binary_info    0x0000000010030c14       0x24
 *(.binary_info.keep.*)
 .binary_info.keep.__bi_ptr22
                0x0000000010030c14        0x4 CMakeFiles/main.dir/__/__/pico-sdk/src/rp2_common/pico_standard_link/binary_info.c.obj
 .binary_info.keep.__bi_ptr30
                0x0000000010030c18        0x4 CMakeFiles/main.dir/__/__/pico-sdk/src/rp2_common/pico_standard_link/binary_info.c.obj
 .binary_info.keep.__bi_ptr38
                0x0000000010030c1c        0x4 CMakeFiles/main.dir/__/__/pico-sdk/src/rp2_common/pico_standard_link/binary_info.c.obj
 .binary_info.keep.__bi_ptr44
                0x0000000010030c20        0x4 CMakeFiles/main.dir/__/__/pico-sdk/src/rp2_common/pico_standard_link/binary_info.c.obj
 .binary_info.keep.__bi_ptr50
                0x0000000010030c24        0x4 CMakeFiles/main.dir/__/__/pico-sdk/src/rp2_common/pico_standard_link/binary_info.c.obj
 .binary_info.keep.__bi_ptr75
                0x0000000010030c28        0x4 CMakeFiles/main.dir/__/__/pico-sdk/src/rp2_common/pico_standard_link/binary_info.c.obj
 .binary_info.keep.__bi_ptr81
                0x0000000010030c2c        0x4 CMakeFiles/main.dir/__/__/pico-sdk/src/rp2_common/pico_standard_link/binary_info.c.obj
 *(.binary_info.*)
 .binary_info.__bi_ptr33
                0x0000000010030c30        0x4 CMakeFiles/main.dir/__/__/pico-sdk/src/rp2_common/pico_stdio_uart/stdio_uart.c.obj
 .binary_info.__bi_ptr34
                0x0000000010030c34        0x4 CMakeFiles/main.dir/__/__/pico-sdk/src/rp2_common/pico_stdio_uart/stdio_uart.c.obj
                0x0000000010030c38                __binary_info_end = .

.rel.dyn        0x0000000010030c38        0x0
 .rel.iplt      0x0000000010030c38        0x0 /usr/lib/gcc/arm-none-eabi/10.3.1/thumb/v6-m/nofp/crtbegin.o
                0x0000000010030c38                . = ALIGN (0x4)

.ram_vector_table
                0x0000000020000000       0xc0
 *(.ram_vector_table)
 .ram_vector_table
                0x0000000020000000       0xc0 CMakeFiles/main.dir/__/__/pico-sdk/src/rp2_common/pico_runtime/runtime.c.obj
                0x0000000020000000                ram_vector_table

.data           0x00000000200000c0      0xa64 load address 0x0000000010030c38
                0x00000000200000c0                __data_start__ = .
 *(vtable)
 *(.time_critical*)
 .time_critical.mutex_try_enter_block_until
                0x00000000200000c0       0x9c CMakeFiles/main.dir/__/__/pico-sdk/src/common/pico_sync/mutex.c.obj
                0x00000000200000c0                mutex_try_enter_block_until
 .time_critical.mutex_exit
                0x000000002000015c       0x28 CMakeFiles/main.dir/__/__/pico-sdk/src/common/pico_sync/mutex.c.obj
                0x000000002000015c                mutex_exit
 .time_critical.spi_write_blocking
                0x0000000020000184       0x4c CMakeFiles/main.dir/__/__/pico-sdk/src/rp2_common/hardware_spi/spi.c.obj
                0x0000000020000184                spi_write_blocking
 *(.text*)
 .text          0x00000000200001d0        0x4 /usr/lib/gcc/arm-none-eabi/10.3.1/thumb/v6-m/nofp/libgcc.a(_dvmd_tls.o)
                0x00000000200001d0                __aeabi_ldiv0
                0x00000000200001d0                __aeabi_idiv0
 *fill*         0x00000000200001d4        0x4 
 .text.__stub   0x00000000200001d8       0x10 linker stubs
                0x00000000200001e8                . = ALIGN (0x4)
 *(.rodata*)
                0x00000000200001e8                . = ALIGN (0x4)
 *(.data*)
 .data.striped_spin_lock_num
                0x00000000200001e8        0x1 CMakeFiles/main.dir/__/__/pico-sdk/src/rp2_common/hardware_sync/sync.c.obj
 *fill*         0x00000000200001e9        0x3 
 .data          0x00000000200001ec       0x48 CMakeFiles/main.dir/__/__/pico-sdk/src/rp2_common/hardware_irq/irq_handler_chain.S.obj
                0x00000000200001ec                irq_handler_chain_slots
                0x000000002000021c                irq_handler_chain_first_slot
                0x0000000020000226                irq_handler_chain_remove_tail
 .data.default_alarm_pool
                0x0000000020000234       0x18 CMakeFiles/main.dir/__/__/pico-sdk/src/common/pico_time/time.c.obj
 .data.default_alarm_pool_heap
                0x000000002000024c       0x10 CMakeFiles/main.dir/__/__/pico-sdk/src/common/pico_time/time.c.obj
 *fill*         0x000000002000025c        0x4 
 .data.aeabi_bits_funcs
                0x0000000020000260       0x10 CMakeFiles/main.dir/__/__/pico-sdk/src/rp2_common/pico_bit_ops/bit_ops_aeabi.S.obj
                0x0000000020000260                aeabi_bits_funcs
                0x0000000020000270                aeabi_bits_funcs_end
 .data.aeabi_mem_funcs
                0x0000000020000270       0x10 CMakeFiles/main.dir/__/__/pico-sdk/src/rp2_common/pico_mem_ops/mem_ops_aeabi.S.obj
                0x0000000020000270                aeabi_mem_funcs
                0x0000000020000280                aeabi_mem_funcs_end
 .data.stdio_uart
                0x0000000020000280       0x18 CMakeFiles/main.dir/__/__/pico-sdk/src/rp2_common/pico_stdio_uart/stdio_uart.c.obj
                0x0000000020000280                stdio_uart
 .data.i2c0_inst
                0x0000000020000298        0x8 CMakeFiles/main.dir/__/__/pico-sdk/src/rp2_common/hardware_i2c/i2c.c.obj
                0x0000000020000298                i2c0_inst
 .data.i2c1_inst
                0x00000000200002a0        0x8 CMakeFiles/main.dir/__/__/pico-sdk/src/rp2_common/hardware_i2c/i2c.c.obj
                0x00000000200002a0                i2c1_inst
 .data          0x00000000200002a8        0x8 lib/Fonts/libFonts.a(font16.c.obj)
                0x00000000200002a8                Font16
 .data          0x00000000200002b0        0x8 lib/Fonts/libFonts.a(font20.c.obj)
                0x00000000200002b0                Font20
 .data          0x00000000200002b8        0xc lib/Fonts/libFonts.a(font24CN.c.obj)
                0x00000000200002b8                Font24CN
 *fill*         0x00000000200002c4        0x4 
 .data          0x00000000200002c8      0x430 /usr/lib/gcc/arm-none-eabi/10.3.1/../../../arm-none-eabi/lib/thumb/v6-m/nofp/libc.a(lib_a-impure.o)
                0x00000000200002c8                _impure_ptr
 .data          0x00000000200006f8      0x410 /usr/lib/gcc/arm-none-eabi/10.3.1/../../../arm-none-eabi/lib/thumb/v6-m/nofp/libc.a(lib_a-mallocr.o)
                0x00000000200006f8                __malloc_sbrk_base
                0x00000000200006fc                __malloc_trim_threshold
                0x0000000020000700                __malloc_av_
                0x0000000020000b08                . = ALIGN (0x4)
 *(.after_data.*)
                0x0000000020000b08                . = ALIGN (0x4)
                0x0000000020000b08                PROVIDE (__mutex_array_start = .)
 *(SORT_BY_NAME(.mutex_array.*))
 *(.mutex_array)
 .mutex_array   0x0000000020000b08        0x8 CMakeFiles/main.dir/__/__/pico-sdk/src/rp2_common/pico_stdio/stdio.c.obj
                0x0000000020000b10                PROVIDE (__mutex_array_end = .)
                0x0000000020000b10                . = ALIGN (0x4)
                0x0000000020000b10                PROVIDE (__preinit_array_start = .)
 *(SORT_BY_NAME(.preinit_array.*))
 .preinit_array.00001
                0x0000000020000b10        0x4 CMakeFiles/main.dir/__/__/pico-sdk/src/rp2_common/pico_mem_ops/mem_ops_aeabi.S.obj
 .preinit_array.00010
                0x0000000020000b14        0x4 CMakeFiles/main.dir/__/__/pico-sdk/src/rp2_common/pico_bit_ops/bit_ops_aeabi.S.obj
 .preinit_array.00020
                0x0000000020000b18        0x4 CMakeFiles/main.dir/__/__/pico-sdk/src/rp2_common/pico_double/double_aeabi.S.obj
 .preinit_array.00020
                0x0000000020000b1c        0x4 CMakeFiles/main.dir/__/__/pico-sdk/src/rp2_common/pico_float/float_aeabi.S.obj
 *(.preinit_array)
                0x0000000020000b20                PROVIDE (__preinit_array_end = .)
                0x0000000020000b20                . = ALIGN (0x4)
                0x0000000020000b20                PROVIDE (__init_array_start = .)
 *(SORT_BY_NAME(.init_array.*))
 *(.init_array)
 .init_array    0x0000000020000b20        0x4 /usr/lib/gcc/arm-none-eabi/10.3.1/thumb/v6-m/nofp/crtbegin.o
                0x0000000020000b24                PROVIDE (__init_array_end = .)
                0x0000000020000b24                . = ALIGN (0x4)
                0x0000000020000b24                PROVIDE (__fini_array_start = .)
 *(SORT_BY_NAME(.fini_array.*))
 *(.fini_array)
                0x0000000020000b24                PROVIDE (__fini_array_end = .)
 *(.jcr)
                0x0000000020000b24                . = ALIGN (0x4)
                0x0000000020000b24                __data_end__ = .
                0x0000000010030c38                __etext = LOADADDR (.data)

.tm_clone_table
                0x0000000020000b24        0x0 load address 0x000000001003169c
 .tm_clone_table
                0x0000000020000b24        0x0 /usr/lib/gcc/arm-none-eabi/10.3.1/thumb/v6-m/nofp/crtbegin.o
 .tm_clone_table
                0x0000000020000b24        0x0 /usr/lib/gcc/arm-none-eabi/10.3.1/thumb/v6-m/nofp/crtend.o

.igot.plt       0x0000000020000b24        0x0 load address 0x000000001003169c
 .igot.plt      0x0000000020000b24        0x0 /usr/lib/gcc/arm-none-eabi/10.3.1/thumb/v6-m/nofp/crtbegin.o

.uninitialized_data
                0x0000000020000b24        0x0 load address 0x000000001003169c
                0x0000000020000b24                . = ALIGN (0x4)
 *(.uninitialized_data*)

.scratch_x      0x0000000020040000        0x0 load address 0x000000001003169c
                0x0000000020040000                __scratch_x_start__ = .
 *(.scratch_x.*)
                0x0000000020040000                . = ALIGN (0x4)
                0x0000000020040000                __scratch_x_end__ = .
                0x000000001003169c                __scratch_x_source__ = LOADADDR (.scratch_x)

.scratch_y      0x0000000020041000        0x0 load address 0x000000001003169c
                0x0000000020041000                __scratch_y_start__ = .
 *(.scratch_y.*)
                0x0000000020041000                . = ALIGN (0x4)
                0x0000000020041000                __scratch_y_end__ = .
                0x000000001003169c                __scratch_y_source__ = LOADADDR (.scratch_y)

.bss            0x0000000020000b28      0x45c
                0x0000000020000b28                . = ALIGN (0x4)
                0x0000000020000b28                __bss_start__ = .
 *(SORT_BY_ALIGNMENT(SORT_BY_NAME(.bss*)))
 .bss.default_alarm_pool_entries
                0x0000000020000b28      0x100 CMakeFiles/main.dir/__/__/pico-sdk/src/common/pico_time/time.c.obj
 .bss.sd_table  0x0000000020000c28      0x100 CMakeFiles/main.dir/__/__/pico-sdk/src/rp2_common/pico_double/double_init_rom.c.obj
                0x0000000020000c28                sd_table
 .bss.sf_table  0x0000000020000d28      0x100 CMakeFiles/main.dir/__/__/pico-sdk/src/rp2_common/pico_float/float_init_rom.c.obj
                0x0000000020000d28                sf_table
 .bss           0x0000000020000e28       0x1c /usr/lib/gcc/arm-none-eabi/10.3.1/thumb/v6-m/nofp/crtbegin.o
 .bss           0x0000000020000e44       0x34 /usr/lib/gcc/arm-none-eabi/10.3.1/../../../arm-none-eabi/lib/thumb/v6-m/nofp/libc.a(lib_a-mallocr.o)
                0x0000000020000e44                __malloc_top_pad
                0x0000000020000e48                __malloc_current_mallinfo
                0x0000000020000e70                __malloc_max_sbrked_mem
                0x0000000020000e74                __malloc_max_total_mem
 .bss           0x0000000020000e78        0x4 /usr/lib/gcc/arm-none-eabi/10.3.1/../../../arm-none-eabi/lib/thumb/v6-m/nofp/libc.a(lib_a-reent.o)
                0x0000000020000e78                errno
 .bss.EPD_BL_PIN
                0x0000000020000e7c        0x4 lib/Config/libConfig.a(DEV_Config.c.obj)
                0x0000000020000e7c                EPD_BL_PIN
 .bss.EPD_CLK_PIN
                0x0000000020000e80        0x4 lib/Config/libConfig.a(DEV_Config.c.obj)
                0x0000000020000e80                EPD_CLK_PIN
 .bss.EPD_CS_PIN
                0x0000000020000e84        0x4 lib/Config/libConfig.a(DEV_Config.c.obj)
                0x0000000020000e84                EPD_CS_PIN
 .bss.EPD_DC_PIN
                0x0000000020000e88        0x4 lib/Config/libConfig.a(DEV_Config.c.obj)
                0x0000000020000e88                EPD_DC_PIN
 .bss.EPD_MOSI_PIN
                0x0000000020000e8c        0x4 lib/Config/libConfig.a(DEV_Config.c.obj)
                0x0000000020000e8c                EPD_MOSI_PIN
 .bss.EPD_RST_PIN
                0x0000000020000e90        0x4 lib/Config/libConfig.a(DEV_Config.c.obj)
                0x0000000020000e90                EPD_RST_PIN
 .bss.EPD_SCL_PIN
                0x0000000020000e94        0x4 lib/Config/libConfig.a(DEV_Config.c.obj)
                0x0000000020000e94                EPD_SCL_PIN
 .bss.EPD_SDA_PIN
                0x0000000020000e98        0x4 lib/Config/libConfig.a(DEV_Config.c.obj)
                0x0000000020000e98                EPD_SDA_PIN
 .bss.LCD_2IN   0x0000000020000e9c        0x6 lib/LCD/libLCD.a(LCD_2in.c.obj)
                0x0000000020000e9c                LCD_2IN
 *fill*         0x0000000020000ea2        0x2 
 .bss.Paint     0x0000000020000ea4       0x18 lib/GUI/libGUI.a(GUI_Paint.c.obj)
                0x0000000020000ea4                Paint
 .bss.alarm_callbacks
                0x0000000020000ebc       0x10 CMakeFiles/main.dir/__/__/pico-sdk/src/rp2_common/hardware_timer/timer.c.obj
 .bss.chars_available_callback
                0x0000000020000ecc        0x4 CMakeFiles/main.dir/__/__/pico-sdk/src/rp2_common/pico_stdio_uart/stdio_uart.c.obj
 .bss.chars_available_param
                0x0000000020000ed0        0x4 CMakeFiles/main.dir/__/__/pico-sdk/src/rp2_common/pico_stdio_uart/stdio_uart.c.obj
 .bss.configured_freq
                0x0000000020000ed4       0x28 CMakeFiles/main.dir/__/__/pico-sdk/src/rp2_common/hardware_clocks/clocks.c.obj
 .bss.default_alarm_pool_entry_ids_high
                0x0000000020000efc       0x10 CMakeFiles/main.dir/__/__/pico-sdk/src/common/pico_time/time.c.obj
 .bss.default_alarm_pool_heap_nodes
                0x0000000020000f0c       0x30 CMakeFiles/main.dir/__/__/pico-sdk/src/common/pico_time/time.c.obj
 .bss.drivers   0x0000000020000f3c        0x4 CMakeFiles/main.dir/__/__/pico-sdk/src/rp2_common/pico_stdio/stdio.c.obj
 .bss.filter    0x0000000020000f40        0x4 CMakeFiles/main.dir/__/__/pico-sdk/src/rp2_common/pico_stdio/stdio.c.obj
 .bss.heap_end.0
                0x0000000020000f44        0x4 CMakeFiles/main.dir/__/__/pico-sdk/src/rp2_common/pico_runtime/runtime.c.obj
 .bss.lazy_vsnprintf
                0x0000000020000f48        0x4 CMakeFiles/main.dir/__/__/pico-sdk/src/rp2_common/pico_printf/printf.c.obj
 .bss.pools     0x0000000020000f4c       0x10 CMakeFiles/main.dir/__/__/pico-sdk/src/common/pico_time/time.c.obj
 .bss.sf_clz_func
                0x0000000020000f5c        0x4 CMakeFiles/main.dir/__/__/pico-sdk/src/rp2_common/pico_double/double_init_rom.c.obj
                0x0000000020000f5c                sf_clz_func
 .bss.sleep_notifier
                0x0000000020000f60        0x4 CMakeFiles/main.dir/__/__/pico-sdk/src/common/pico_time/time.c.obj
 .bss.slice_num
                0x0000000020000f64        0x4 lib/Config/libConfig.a(DEV_Config.c.obj)
                0x0000000020000f64                slice_num
 .bss.target_hi
                0x0000000020000f68       0x10 CMakeFiles/main.dir/__/__/pico-sdk/src/rp2_common/hardware_timer/timer.c.obj
 .bss.uart_char_to_line_feed
                0x0000000020000f78        0x4 CMakeFiles/main.dir/__/__/pico-sdk/src/rp2_common/hardware_uart/uart.c.obj
                0x0000000020000f78                uart_char_to_line_feed
 .bss.uart_instance
                0x0000000020000f7c        0x4 CMakeFiles/main.dir/__/__/pico-sdk/src/rp2_common/pico_stdio_uart/stdio_uart.c.obj
 .bss.claimed   0x0000000020000f80        0x1 CMakeFiles/main.dir/__/__/pico-sdk/src/rp2_common/hardware_timer/timer.c.obj
 .bss.irq_hander_chain_free_slot_head
                0x0000000020000f81        0x1 CMakeFiles/main.dir/__/__/pico-sdk/src/rp2_common/hardware_irq/irq.c.obj
 .bss.timer_callbacks_pending
                0x0000000020000f82        0x1 CMakeFiles/main.dir/__/__/pico-sdk/src/rp2_common/hardware_timer/timer.c.obj
 *(COMMON)
                0x0000000020000f84                . = ALIGN (0x4)
 *fill*         0x0000000020000f83        0x1 
                0x0000000020000f84                __bss_end__ = .

.heap           0x0000000020000f84      0x800
                0x0000000020000f84                __end__ = .
                0x0000000020000f84                end = __end__
 *(.heap*)
 .heap          0x0000000020000f84      0x800 CMakeFiles/main.dir/__/__/pico-sdk/src/rp2_common/pico_standard_link/crt0.S.obj
                0x0000000020001784                __HeapLimit = .

.stack1_dummy   0x0000000020040000        0x0
 *(.stack1*)

.stack_dummy    0x0000000020041000      0x800
 *(.stack*)
 .stack         0x0000000020041000      0x800 CMakeFiles/main.dir/__/__/pico-sdk/src/rp2_common/pico_standard_link/crt0.S.obj

.flash_end      0x000000001003169c        0x0
                0x000000001003169c                PROVIDE (__flash_binary_end = .)
                0x0000000020040000                __StackLimit = (ORIGIN (RAM) + LENGTH (RAM))
                0x0000000020041000                __StackOneTop = (ORIGIN (SCRATCH_X) + LENGTH (SCRATCH_X))
                0x0000000020042000                __StackTop = (ORIGIN (SCRATCH_Y) + LENGTH (SCRATCH_Y))
                0x0000000020041000                __StackOneBottom = (__StackOneTop - SIZEOF (.stack1_dummy))
                0x0000000020041800                __StackBottom = (__StackTop - SIZEOF (.stack_dummy))
                0x0000000020042000                PROVIDE (__stack = __StackTop)
                0x0000000000000001                ASSERT ((__StackLimit >= __HeapLimit), region RAM overflowed)
                0x0000000000000001                ASSERT (((__binary_info_header_end - __logical_binary_start) <= 0x100), Binary info must be in first 256 bytes of the binary)
LOAD CMakeFiles/main.dir/main.c.obj
LOAD CMakeFiles/main.dir/__/__/pico-sdk/src/rp2_common/pico_stdlib/stdlib.c.obj
LOAD CMakeFiles/main.dir/__/__/pico-sdk/src/rp2_common/hardware_gpio/gpio.c.obj
LOAD CMakeFiles/main.dir/__/__/pico-sdk/src/rp2_common/pico_platform/platform.c.obj
LOAD CMakeFiles/main.dir/__/__/pico-sdk/src/rp2_common/hardware_claim/claim.c.obj
LOAD CMakeFiles/main.dir/__/__/pico-sdk/src/rp2_common/hardware_sync/sync.c.obj
LOAD CMakeFiles/main.dir/__/__/pico-sdk/src/rp2_common/hardware_irq/irq.c.obj
LOAD CMakeFiles/main.dir/__/__/pico-sdk/src/rp2_common/hardware_irq/irq_handler_chain.S.obj
LOAD CMakeFiles/main.dir/__/__/pico-sdk/src/common/pico_sync/sem.c.obj
LOAD CMakeFiles/main.dir/__/__/pico-sdk/src/common/pico_sync/lock_core.c.obj
LOAD CMakeFiles/main.dir/__/__/pico-sdk/src/common/pico_sync/mutex.c.obj
LOAD CMakeFiles/main.dir/__/__/pico-sdk/src/common/pico_sync/critical_section.c.obj
LOAD CMakeFiles/main.dir/__/__/pico-sdk/src/common/pico_time/time.c.obj
LOAD CMakeFiles/main.dir/__/__/pico-sdk/src/common/pico_time/timeout_helper.c.obj
LOAD CMakeFiles/main.dir/__/__/pico-sdk/src/rp2_common/hardware_timer/timer.c.obj
LOAD CMakeFiles/main.dir/__/__/pico-sdk/src/common/pico_util/datetime.c.obj
LOAD CMakeFiles/main.dir/__/__/pico-sdk/src/common/pico_util/pheap.c.obj
LOAD CMakeFiles/main.dir/__/__/pico-sdk/src/common/pico_util/queue.c.obj
LOAD CMakeFiles/main.dir/__/__/pico-sdk/src/rp2_common/hardware_uart/uart.c.obj
LOAD CMakeFiles/main.dir/__/__/pico-sdk/src/rp2_common/hardware_clocks/clocks.c.obj
LOAD CMakeFiles/main.dir/__/__/pico-sdk/src/rp2_common/hardware_pll/pll.c.obj
LOAD CMakeFiles/main.dir/__/__/pico-sdk/src/rp2_common/hardware_vreg/vreg.c.obj
LOAD CMakeFiles/main.dir/__/__/pico-sdk/src/rp2_common/hardware_watchdog/watchdog.c.obj
LOAD CMakeFiles/main.dir/__/__/pico-sdk/src/rp2_common/hardware_xosc/xosc.c.obj
LOAD CMakeFiles/main.dir/__/__/pico-sdk/src/rp2_common/hardware_divider/divider.S.obj
LOAD CMakeFiles/main.dir/__/__/pico-sdk/src/rp2_common/pico_runtime/runtime.c.obj
LOAD CMakeFiles/main.dir/__/__/pico-sdk/src/rp2_common/pico_printf/printf.c.obj
LOAD CMakeFiles/main.dir/__/__/pico-sdk/src/rp2_common/pico_bit_ops/bit_ops_aeabi.S.obj
LOAD CMakeFiles/main.dir/__/__/pico-sdk/src/rp2_common/pico_bootrom/bootrom.c.obj
LOAD CMakeFiles/main.dir/__/__/pico-sdk/src/rp2_common/pico_divider/divider.S.obj
LOAD CMakeFiles/main.dir/__/__/pico-sdk/src/rp2_common/pico_double/double_aeabi.S.obj
LOAD CMakeFiles/main.dir/__/__/pico-sdk/src/rp2_common/pico_double/double_init_rom.c.obj
LOAD CMakeFiles/main.dir/__/__/pico-sdk/src/rp2_common/pico_double/double_math.c.obj
LOAD CMakeFiles/main.dir/__/__/pico-sdk/src/rp2_common/pico_double/double_v1_rom_shim.S.obj
LOAD CMakeFiles/main.dir/__/__/pico-sdk/src/rp2_common/pico_int64_ops/pico_int64_ops_aeabi.S.obj
LOAD CMakeFiles/main.dir/__/__/pico-sdk/src/rp2_common/pico_float/float_aeabi.S.obj
LOAD CMakeFiles/main.dir/__/__/pico-sdk/src/rp2_common/pico_float/float_init_rom.c.obj
LOAD CMakeFiles/main.dir/__/__/pico-sdk/src/rp2_common/pico_float/float_math.c.obj
LOAD CMakeFiles/main.dir/__/__/pico-sdk/src/rp2_common/pico_float/float_v1_rom_shim.S.obj
LOAD CMakeFiles/main.dir/__/__/pico-sdk/src/rp2_common/pico_malloc/pico_malloc.c.obj
LOAD CMakeFiles/main.dir/__/__/pico-sdk/src/rp2_common/pico_mem_ops/mem_ops_aeabi.S.obj
LOAD CMakeFiles/main.dir/__/__/pico-sdk/src/rp2_common/pico_standard_link/crt0.S.obj
LOAD CMakeFiles/main.dir/__/__/pico-sdk/src/rp2_common/pico_standard_link/new_delete.cpp.obj
LOAD CMakeFiles/main.dir/__/__/pico-sdk/src/rp2_common/pico_standard_link/binary_info.c.obj
LOAD CMakeFiles/main.dir/__/__/pico-sdk/src/rp2_common/pico_stdio/stdio.c.obj
LOAD CMakeFiles/main.dir/__/__/pico-sdk/src/rp2_common/pico_stdio_uart/stdio_uart.c.obj
LOAD CMakeFiles/main.dir/__/__/pico-sdk/src/rp2_common/hardware_spi/spi.c.obj
LOAD CMakeFiles/main.dir/__/__/pico-sdk/src/rp2_common/hardware_i2c/i2c.c.obj
LOAD CMakeFiles/main.dir/__/__/pico-sdk/src/rp2_common/hardware_adc/adc.c.obj
LOAD examples/libexamples.a
LOAD lib/LCD/libLCD.a
LOAD lib/OLED/libOLED.a
LOAD lib/Infrared/libInfrared.a
LOAD lib/Icm20948/libIcm20948.a
LOAD lib/GUI/libGUI.a
LOAD lib/Fonts/libFonts.a
LOAD lib/Config/libConfig.a
LOAD /tmp/ccqqadGC.o
LOAD /usr/lib/gcc/arm-none-eabi/10.3.1/../../../arm-none-eabi/lib/thumb/v6-m/nofp/libstdc++.a
LOAD /usr/lib/gcc/arm-none-eabi/10.3.1/../../../arm-none-eabi/lib/thumb/v6-m/nofp/libm.a
START GROUP
LOAD /usr/lib/gcc/arm-none-eabi/10.3.1/thumb/v6-m/nofp/libgcc.a
LOAD /usr/lib/gcc/arm-none-eabi/10.3.1/../../../arm-none-eabi/lib/thumb/v6-m/nofp/libc.a
END GROUP
START GROUP
LOAD /usr/lib/gcc/arm-none-eabi/10.3.1/thumb/v6-m/nofp/libgcc.a
LOAD /usr/lib/gcc/arm-none-eabi/10.3.1/../../../arm-none-eabi/lib/thumb/v6-m/nofp/libc.a
LOAD /usr/lib/gcc/arm-none-eabi/10.3.1/../../../arm-none-eabi/lib/thumb/v6-m/nofp/libnosys.a
END GROUP
LOAD /usr/lib/gcc/arm-none-eabi/10.3.1/thumb/v6-m/nofp/crtend.o
LOAD /usr/lib/gcc/arm-none-eabi/10.3.1/thumb/v6-m/nofp/crtn.o
OUTPUT(main.elf elf32-littlearm)
LOAD linker stubs

.ARM.attributes
                0x0000000000000000       0x28
 .ARM.attributes
                0x0000000000000000       0x1e /usr/lib/gcc/arm-none-eabi/10.3.1/thumb/v6-m/nofp/crti.o
 .ARM.attributes
                0x000000000000001e       0x2c /usr/lib/gcc/arm-none-eabi/10.3.1/thumb/v6-m/nofp/crtbegin.o
 .ARM.attributes
                0x000000000000004a       0x2c CMakeFiles/main.dir/main.c.obj
 .ARM.attributes
                0x0000000000000076       0x2c CMakeFiles/main.dir/__/__/pico-sdk/src/rp2_common/hardware_gpio/gpio.c.obj
 .ARM.attributes
                0x00000000000000a2       0x2c CMakeFiles/main.dir/__/__/pico-sdk/src/rp2_common/pico_platform/platform.c.obj
 .ARM.attributes
                0x00000000000000ce       0x2c CMakeFiles/main.dir/__/__/pico-sdk/src/rp2_common/hardware_claim/claim.c.obj
 .ARM.attributes
                0x00000000000000fa       0x2c CMakeFiles/main.dir/__/__/pico-sdk/src/rp2_common/hardware_sync/sync.c.obj
 .ARM.attributes
                0x0000000000000126       0x2c CMakeFiles/main.dir/__/__/pico-sdk/src/rp2_common/hardware_irq/irq.c.obj
 .ARM.attributes
                0x0000000000000152       0x22 CMakeFiles/main.dir/__/__/pico-sdk/src/rp2_common/hardware_irq/irq_handler_chain.S.obj
 .ARM.attributes
                0x0000000000000174       0x2c CMakeFiles/main.dir/__/__/pico-sdk/src/common/pico_sync/lock_core.c.obj
 .ARM.attributes
                0x00000000000001a0       0x2c CMakeFiles/main.dir/__/__/pico-sdk/src/common/pico_sync/mutex.c.obj
 .ARM.attributes
                0x00000000000001cc       0x2c CMakeFiles/main.dir/__/__/pico-sdk/src/common/pico_time/time.c.obj
 .ARM.attributes
                0x00000000000001f8       0x2c CMakeFiles/main.dir/__/__/pico-sdk/src/rp2_common/hardware_timer/timer.c.obj
 .ARM.attributes
                0x0000000000000224       0x2c CMakeFiles/main.dir/__/__/pico-sdk/src/common/pico_util/pheap.c.obj
 .ARM.attributes
                0x0000000000000250       0x2c CMakeFiles/main.dir/__/__/pico-sdk/src/rp2_common/hardware_uart/uart.c.obj
 .ARM.attributes
                0x000000000000027c       0x2c CMakeFiles/main.dir/__/__/pico-sdk/src/rp2_common/hardware_clocks/clocks.c.obj
 .ARM.attributes
                0x00000000000002a8       0x2c CMakeFiles/main.dir/__/__/pico-sdk/src/rp2_common/hardware_pll/pll.c.obj
 .ARM.attributes
                0x00000000000002d4       0x2c CMakeFiles/main.dir/__/__/pico-sdk/src/rp2_common/hardware_watchdog/watchdog.c.obj
 .ARM.attributes
                0x0000000000000300       0x2c CMakeFiles/main.dir/__/__/pico-sdk/src/rp2_common/hardware_xosc/xosc.c.obj
 .ARM.attributes
                0x000000000000032c       0x2c CMakeFiles/main.dir/__/__/pico-sdk/src/rp2_common/pico_runtime/runtime.c.obj
 .ARM.attributes
                0x0000000000000358       0x2c CMakeFiles/main.dir/__/__/pico-sdk/src/rp2_common/pico_printf/printf.c.obj
 .ARM.attributes
                0x0000000000000384       0x22 CMakeFiles/main.dir/__/__/pico-sdk/src/rp2_common/pico_bit_ops/bit_ops_aeabi.S.obj
 .ARM.attributes
                0x00000000000003a6       0x2c CMakeFiles/main.dir/__/__/pico-sdk/src/rp2_common/pico_bootrom/bootrom.c.obj
 .ARM.attributes
                0x00000000000003d2       0x22 CMakeFiles/main.dir/__/__/pico-sdk/src/rp2_common/pico_divider/divider.S.obj
 .ARM.attributes
                0x00000000000003f4       0x22 CMakeFiles/main.dir/__/__/pico-sdk/src/rp2_common/pico_double/double_aeabi.S.obj
 .ARM.attributes
                0x0000000000000416       0x2c CMakeFiles/main.dir/__/__/pico-sdk/src/rp2_common/pico_double/double_init_rom.c.obj
 .ARM.attributes
                0x0000000000000442       0x22 CMakeFiles/main.dir/__/__/pico-sdk/src/rp2_common/pico_double/double_v1_rom_shim.S.obj
 .ARM.attributes
                0x0000000000000464       0x22 CMakeFiles/main.dir/__/__/pico-sdk/src/rp2_common/pico_int64_ops/pico_int64_ops_aeabi.S.obj
 .ARM.attributes
                0x0000000000000486       0x22 CMakeFiles/main.dir/__/__/pico-sdk/src/rp2_common/pico_float/float_aeabi.S.obj
 .ARM.attributes
                0x00000000000004a8       0x2c CMakeFiles/main.dir/__/__/pico-sdk/src/rp2_common/pico_float/float_init_rom.c.obj
 .ARM.attributes
                0x00000000000004d4       0x22 CMakeFiles/main.dir/__/__/pico-sdk/src/rp2_common/pico_float/float_v1_rom_shim.S.obj
 .ARM.attributes
                0x00000000000004f6       0x2c CMakeFiles/main.dir/__/__/pico-sdk/src/rp2_common/pico_malloc/pico_malloc.c.obj
 .ARM.attributes
                0x0000000000000522       0x22 CMakeFiles/main.dir/__/__/pico-sdk/src/rp2_common/pico_mem_ops/mem_ops_aeabi.S.obj
 .ARM.attributes
                0x0000000000000544       0x22 CMakeFiles/main.dir/__/__/pico-sdk/src/rp2_common/pico_standard_link/crt0.S.obj
 .ARM.attributes
                0x0000000000000566       0x32 CMakeFiles/main.dir/__/__/pico-sdk/src/rp2_common/pico_standard_link/binary_info.c.obj
 .ARM.attributes
                0x0000000000000598       0x2c CMakeFiles/main.dir/__/__/pico-sdk/src/rp2_common/pico_stdio/stdio.c.obj
 .ARM.attributes
                0x00000000000005c4       0x2c CMakeFiles/main.dir/__/__/pico-sdk/src/rp2_common/pico_stdio_uart/stdio_uart.c.obj
 .ARM.attributes
                0x00000000000005f0       0x2c CMakeFiles/main.dir/__/__/pico-sdk/src/rp2_common/hardware_spi/spi.c.obj
 .ARM.attributes
                0x000000000000061c       0x2c CMakeFiles/main.dir/__/__/pico-sdk/src/rp2_common/hardware_i2c/i2c.c.obj
 .ARM.attributes
                0x0000000000000648       0x2c examples/libexamples.a(LCD_2in_test.c.obj)
 .ARM.attributes
                0x0000000000000674       0x32 examples/libexamples.a(ImageData.c.obj)
 .ARM.attributes
                0x00000000000006a6       0x2c lib/LCD/libLCD.a(LCD_2in.c.obj)
 .ARM.attributes
                0x00000000000006d2       0x2c lib/GUI/libGUI.a(GUI_Paint.c.obj)
 .ARM.attributes
                0x00000000000006fe       0x32 lib/Fonts/libFonts.a(font16.c.obj)
 .ARM.attributes
                0x0000000000000730       0x32 lib/Fonts/libFonts.a(font20.c.obj)
 .ARM.attributes
                0x0000000000000762       0x32 lib/Fonts/libFonts.a(font24CN.c.obj)
 .ARM.attributes
                0x0000000000000794       0x2c lib/Config/libConfig.a(DEV_Config.c.obj)
 .ARM.attributes
                0x00000000000007c0       0x22 /tmp/ccqqadGC.o
 .ARM.attributes
                0x00000000000007e2       0x1e /usr/lib/gcc/arm-none-eabi/10.3.1/thumb/v6-m/nofp/libgcc.a(_dvmd_tls.o)
 .ARM.attributes
                0x0000000000000800       0x2c /usr/lib/gcc/arm-none-eabi/10.3.1/../../../arm-none-eabi/lib/thumb/v6-m/nofp/libc.a(lib_a-impure.o)
 .ARM.attributes
                0x000000000000082c       0x2c /usr/lib/gcc/arm-none-eabi/10.3.1/../../../arm-none-eabi/lib/thumb/v6-m/nofp/libc.a(lib_a-malloc.o)
 .ARM.attributes
                0x0000000000000858       0x2c /usr/lib/gcc/arm-none-eabi/10.3.1/../../../arm-none-eabi/lib/thumb/v6-m/nofp/libc.a(lib_a-mallocr.o)
 .ARM.attributes
                0x0000000000000884       0x2c /usr/lib/gcc/arm-none-eabi/10.3.1/../../../arm-none-eabi/lib/thumb/v6-m/nofp/libc.a(lib_a-mlock.o)
 .ARM.attributes
                0x00000000000008b0       0x2c /usr/lib/gcc/arm-none-eabi/10.3.1/../../../arm-none-eabi/lib/thumb/v6-m/nofp/libc.a(lib_a-sbrkr.o)
 .ARM.attributes
                0x00000000000008dc       0x2c /usr/lib/gcc/arm-none-eabi/10.3.1/../../../arm-none-eabi/lib/thumb/v6-m/nofp/libc.a(lib_a-strlen-stub.o)
 .ARM.attributes
                0x0000000000000908       0x2c /usr/lib/gcc/arm-none-eabi/10.3.1/../../../arm-none-eabi/lib/thumb/v6-m/nofp/libc.a(lib_a-freer.o)
 .ARM.attributes
                0x0000000000000934       0x2c /usr/lib/gcc/arm-none-eabi/10.3.1/../../../arm-none-eabi/lib/thumb/v6-m/nofp/libc.a(lib_a-reent.o)
 .ARM.attributes
                0x0000000000000960       0x2c /usr/lib/gcc/arm-none-eabi/10.3.1/thumb/v6-m/nofp/crtend.o

.comment        0x0000000000000000       0x33
 .comment       0x0000000000000000       0x33 /usr/lib/gcc/arm-none-eabi/10.3.1/thumb/v6-m/nofp/crtbegin.o
                                         0x34 (size before relaxing)
 .comment       0x0000000000000033       0x34 CMakeFiles/main.dir/main.c.obj
 .comment       0x0000000000000033       0x34 CMakeFiles/main.dir/__/__/pico-sdk/src/rp2_common/hardware_gpio/gpio.c.obj
 .comment       0x0000000000000033       0x34 CMakeFiles/main.dir/__/__/pico-sdk/src/rp2_common/pico_platform/platform.c.obj
 .comment       0x0000000000000033       0x34 CMakeFiles/main.dir/__/__/pico-sdk/src/rp2_common/hardware_claim/claim.c.obj
 .comment       0x0000000000000033       0x34 CMakeFiles/main.dir/__/__/pico-sdk/src/rp2_common/hardware_sync/sync.c.obj
 .comment       0x0000000000000033       0x34 CMakeFiles/main.dir/__/__/pico-sdk/src/rp2_common/hardware_irq/irq.c.obj
 .comment       0x0000000000000033       0x34 CMakeFiles/main.dir/__/__/pico-sdk/src/common/pico_sync/lock_core.c.obj
 .comment       0x0000000000000033       0x34 CMakeFiles/main.dir/__/__/pico-sdk/src/common/pico_sync/mutex.c.obj
 .comment       0x0000000000000033       0x34 CMakeFiles/main.dir/__/__/pico-sdk/src/common/pico_time/time.c.obj
 .comment       0x0000000000000033       0x34 CMakeFiles/main.dir/__/__/pico-sdk/src/rp2_common/hardware_timer/timer.c.obj
 .comment       0x0000000000000033       0x34 CMakeFiles/main.dir/__/__/pico-sdk/src/common/pico_util/pheap.c.obj
 .comment       0x0000000000000033       0x34 CMakeFiles/main.dir/__/__/pico-sdk/src/rp2_common/hardware_uart/uart.c.obj
 .comment       0x0000000000000033       0x34 CMakeFiles/main.dir/__/__/pico-sdk/src/rp2_common/hardware_clocks/clocks.c.obj
 .comment       0x0000000000000033       0x34 CMakeFiles/main.dir/__/__/pico-sdk/src/rp2_common/hardware_pll/pll.c.obj
 .comment       0x0000000000000033       0x34 CMakeFiles/main.dir/__/__/pico-sdk/src/rp2_common/hardware_watchdog/watchdog.c.obj
 .comment       0x0000000000000033       0x34 CMakeFiles/main.dir/__/__/pico-sdk/src/rp2_common/hardware_xosc/xosc.c.obj
 .comment       0x0000000000000033       0x34 CMakeFiles/main.dir/__/__/pico-sdk/src/rp2_common/pico_runtime/runtime.c.obj
 .comment       0x0000000000000033       0x34 CMakeFiles/main.dir/__/__/pico-sdk/src/rp2_common/pico_printf/printf.c.obj
 .comment       0x0000000000000033       0x34 CMakeFiles/main.dir/__/__/pico-sdk/src/rp2_common/pico_bootrom/bootrom.c.obj
 .comment       0x0000000000000033       0x34 CMakeFiles/main.dir/__/__/pico-sdk/src/rp2_common/pico_double/double_init_rom.c.obj
 .comment       0x0000000000000033       0x34 CMakeFiles/main.dir/__/__/pico-sdk/src/rp2_common/pico_float/float_init_rom.c.obj
 .comment       0x0000000000000033       0x34 CMakeFiles/main.dir/__/__/pico-sdk/src/rp2_common/pico_malloc/pico_malloc.c.obj
 .comment       0x0000000000000033       0x34 CMakeFiles/main.dir/__/__/pico-sdk/src/rp2_common/pico_standard_link/binary_info.c.obj
 .comment       0x0000000000000033       0x34 CMakeFiles/main.dir/__/__/pico-sdk/src/rp2_common/pico_stdio/stdio.c.obj
 .comment       0x0000000000000033       0x34 CMakeFiles/main.dir/__/__/pico-sdk/src/rp2_common/pico_stdio_uart/stdio_uart.c.obj
 .comment       0x0000000000000033       0x34 CMakeFiles/main.dir/__/__/pico-sdk/src/rp2_common/hardware_spi/spi.c.obj
 .comment       0x0000000000000033       0x34 CMakeFiles/main.dir/__/__/pico-sdk/src/rp2_common/hardware_i2c/i2c.c.obj
 .comment       0x0000000000000033       0x34 examples/libexamples.a(LCD_2in_test.c.obj)
 .comment       0x0000000000000033       0x34 examples/libexamples.a(ImageData.c.obj)
 .comment       0x0000000000000033       0x34 lib/LCD/libLCD.a(LCD_2in.c.obj)
 .comment       0x0000000000000033       0x34 lib/GUI/libGUI.a(GUI_Paint.c.obj)
 .comment       0x0000000000000033       0x34 lib/Fonts/libFonts.a(font16.c.obj)
 .comment       0x0000000000000033       0x34 lib/Fonts/libFonts.a(font20.c.obj)
 .comment       0x0000000000000033       0x34 lib/Fonts/libFonts.a(font24CN.c.obj)
 .comment       0x0000000000000033       0x34 lib/Config/libConfig.a(DEV_Config.c.obj)
 .comment       0x0000000000000033       0x34 /usr/lib/gcc/arm-none-eabi/10.3.1/../../../arm-none-eabi/lib/thumb/v6-m/nofp/libc.a(lib_a-impure.o)
 .comment       0x0000000000000033       0x34 /usr/lib/gcc/arm-none-eabi/10.3.1/../../../arm-none-eabi/lib/thumb/v6-m/nofp/libc.a(lib_a-malloc.o)
 .comment       0x0000000000000033       0x34 /usr/lib/gcc/arm-none-eabi/10.3.1/../../../arm-none-eabi/lib/thumb/v6-m/nofp/libc.a(lib_a-mallocr.o)
 .comment       0x0000000000000033       0x34 /usr/lib/gcc/arm-none-eabi/10.3.1/../../../arm-none-eabi/lib/thumb/v6-m/nofp/libc.a(lib_a-mlock.o)
 .comment       0x0000000000000033       0x34 /usr/lib/gcc/arm-none-eabi/10.3.1/../../../arm-none-eabi/lib/thumb/v6-m/nofp/libc.a(lib_a-sbrkr.o)
 .comment       0x0000000000000033       0x34 /usr/lib/gcc/arm-none-eabi/10.3.1/../../../arm-none-eabi/lib/thumb/v6-m/nofp/libc.a(lib_a-strlen-stub.o)
 .comment       0x0000000000000033       0x34 /usr/lib/gcc/arm-none-eabi/10.3.1/../../../arm-none-eabi/lib/thumb/v6-m/nofp/libc.a(lib_a-freer.o)
 .comment       0x0000000000000033       0x34 /usr/lib/gcc/arm-none-eabi/10.3.1/../../../arm-none-eabi/lib/thumb/v6-m/nofp/libc.a(lib_a-reent.o)
 .comment       0x0000000000000033       0x34 /usr/lib/gcc/arm-none-eabi/10.3.1/thumb/v6-m/nofp/crtend.o

.debug_line     0x0000000000000000     0x16b9
 .debug_line    0x0000000000000000       0x60 /usr/lib/gcc/arm-none-eabi/10.3.1/thumb/v6-m/nofp/libgcc.a(_dvmd_tls.o)
 .debug_line    0x0000000000000060       0xe4 /usr/lib/gcc/arm-none-eabi/10.3.1/../../../arm-none-eabi/lib/thumb/v6-m/nofp/libc.a(lib_a-impure.o)
 .debug_line    0x0000000000000144      0x165 /usr/lib/gcc/arm-none-eabi/10.3.1/../../../arm-none-eabi/lib/thumb/v6-m/nofp/libc.a(lib_a-malloc.o)
 .debug_line    0x00000000000002a9      0x8e2 /usr/lib/gcc/arm-none-eabi/10.3.1/../../../arm-none-eabi/lib/thumb/v6-m/nofp/libc.a(lib_a-mallocr.o)
 .debug_line    0x0000000000000b8b      0x13e /usr/lib/gcc/arm-none-eabi/10.3.1/../../../arm-none-eabi/lib/thumb/v6-m/nofp/libc.a(lib_a-mlock.o)
 .debug_line    0x0000000000000cc9      0x183 /usr/lib/gcc/arm-none-eabi/10.3.1/../../../arm-none-eabi/lib/thumb/v6-m/nofp/libc.a(lib_a-sbrkr.o)
 .debug_line    0x0000000000000e4c      0x172 /usr/lib/gcc/arm-none-eabi/10.3.1/../../../arm-none-eabi/lib/thumb/v6-m/nofp/libc.a(lib_a-strlen-stub.o)
 .debug_line    0x0000000000000fbe      0x47d /usr/lib/gcc/arm-none-eabi/10.3.1/../../../arm-none-eabi/lib/thumb/v6-m/nofp/libc.a(lib_a-freer.o)
 .debug_line    0x000000000000143b      0x27e /usr/lib/gcc/arm-none-eabi/10.3.1/../../../arm-none-eabi/lib/thumb/v6-m/nofp/libc.a(lib_a-reent.o)

.debug_info     0x0000000000000000     0x4dec
 .debug_info    0x0000000000000000       0x26 /usr/lib/gcc/arm-none-eabi/10.3.1/thumb/v6-m/nofp/libgcc.a(_dvmd_tls.o)
 .debug_info    0x0000000000000026      0x92a /usr/lib/gcc/arm-none-eabi/10.3.1/../../../arm-none-eabi/lib/thumb/v6-m/nofp/libc.a(lib_a-impure.o)
 .debug_info    0x0000000000000950      0x998 /usr/lib/gcc/arm-none-eabi/10.3.1/../../../arm-none-eabi/lib/thumb/v6-m/nofp/libc.a(lib_a-malloc.o)
 .debug_info    0x00000000000012e8      0xe80 /usr/lib/gcc/arm-none-eabi/10.3.1/../../../arm-none-eabi/lib/thumb/v6-m/nofp/libc.a(lib_a-mallocr.o)
 .debug_info    0x0000000000002168      0x942 /usr/lib/gcc/arm-none-eabi/10.3.1/../../../arm-none-eabi/lib/thumb/v6-m/nofp/libc.a(lib_a-mlock.o)
 .debug_info    0x0000000000002aaa      0x98e /usr/lib/gcc/arm-none-eabi/10.3.1/../../../arm-none-eabi/lib/thumb/v6-m/nofp/libc.a(lib_a-sbrkr.o)
 .debug_info    0x0000000000003438       0xee /usr/lib/gcc/arm-none-eabi/10.3.1/../../../arm-none-eabi/lib/thumb/v6-m/nofp/libc.a(lib_a-strlen-stub.o)
 .debug_info    0x0000000000003526      0xce5 /usr/lib/gcc/arm-none-eabi/10.3.1/../../../arm-none-eabi/lib/thumb/v6-m/nofp/libc.a(lib_a-freer.o)
 .debug_info    0x000000000000420b      0xbe1 /usr/lib/gcc/arm-none-eabi/10.3.1/../../../arm-none-eabi/lib/thumb/v6-m/nofp/libc.a(lib_a-reent.o)

.debug_abbrev   0x0000000000000000     0x1109
 .debug_abbrev  0x0000000000000000       0x14 /usr/lib/gcc/arm-none-eabi/10.3.1/thumb/v6-m/nofp/libgcc.a(_dvmd_tls.o)
 .debug_abbrev  0x0000000000000014      0x1b8 /usr/lib/gcc/arm-none-eabi/10.3.1/../../../arm-none-eabi/lib/thumb/v6-m/nofp/libc.a(lib_a-impure.o)
 .debug_abbrev  0x00000000000001cc      0x21a /usr/lib/gcc/arm-none-eabi/10.3.1/../../../arm-none-eabi/lib/thumb/v6-m/nofp/libc.a(lib_a-malloc.o)
 .debug_abbrev  0x00000000000003e6      0x2f6 /usr/lib/gcc/arm-none-eabi/10.3.1/../../../arm-none-eabi/lib/thumb/v6-m/nofp/libc.a(lib_a-mallocr.o)
 .debug_abbrev  0x00000000000006dc      0x1f0 /usr/lib/gcc/arm-none-eabi/10.3.1/../../../arm-none-eabi/lib/thumb/v6-m/nofp/libc.a(lib_a-mlock.o)
 .debug_abbrev  0x00000000000008cc      0x23d /usr/lib/gcc/arm-none-eabi/10.3.1/../../../arm-none-eabi/lib/thumb/v6-m/nofp/libc.a(lib_a-sbrkr.o)
 .debug_abbrev  0x0000000000000b09       0x8f /usr/lib/gcc/arm-none-eabi/10.3.1/../../../arm-none-eabi/lib/thumb/v6-m/nofp/libc.a(lib_a-strlen-stub.o)
 .debug_abbrev  0x0000000000000b98      0x2a1 /usr/lib/gcc/arm-none-eabi/10.3.1/../../../arm-none-eabi/lib/thumb/v6-m/nofp/libc.a(lib_a-freer.o)
 .debug_abbrev  0x0000000000000e39      0x2d0 /usr/lib/gcc/arm-none-eabi/10.3.1/../../../arm-none-eabi/lib/thumb/v6-m/nofp/libc.a(lib_a-reent.o)

.debug_aranges  0x0000000000000000      0x118
 .debug_aranges
                0x0000000000000000       0x20 /usr/lib/gcc/arm-none-eabi/10.3.1/thumb/v6-m/nofp/libgcc.a(_dvmd_tls.o)
 .debug_aranges
                0x0000000000000020       0x18 /usr/lib/gcc/arm-none-eabi/10.3.1/../../../arm-none-eabi/lib/thumb/v6-m/nofp/libc.a(lib_a-impure.o)
 .debug_aranges
                0x0000000000000038       0x20 /usr/lib/gcc/arm-none-eabi/10.3.1/../../../arm-none-eabi/lib/thumb/v6-m/nofp/libc.a(lib_a-malloc.o)
 .debug_aranges
                0x0000000000000058       0x20 /usr/lib/gcc/arm-none-eabi/10.3.1/../../../arm-none-eabi/lib/thumb/v6-m/nofp/libc.a(lib_a-mallocr.o)
 .debug_aranges
                0x0000000000000078       0x20 /usr/lib/gcc/arm-none-eabi/10.3.1/../../../arm-none-eabi/lib/thumb/v6-m/nofp/libc.a(lib_a-mlock.o)
 .debug_aranges
                0x0000000000000098       0x20 /usr/lib/gcc/arm-none-eabi/10.3.1/../../../arm-none-eabi/lib/thumb/v6-m/nofp/libc.a(lib_a-sbrkr.o)
 .debug_aranges
                0x00000000000000b8       0x20 /usr/lib/gcc/arm-none-eabi/10.3.1/../../../arm-none-eabi/lib/thumb/v6-m/nofp/libc.a(lib_a-strlen-stub.o)
 .debug_aranges
                0x00000000000000d8       0x20 /usr/lib/gcc/arm-none-eabi/10.3.1/../../../arm-none-eabi/lib/thumb/v6-m/nofp/libc.a(lib_a-freer.o)
 .debug_aranges
                0x00000000000000f8       0x20 /usr/lib/gcc/arm-none-eabi/10.3.1/../../../arm-none-eabi/lib/thumb/v6-m/nofp/libc.a(lib_a-reent.o)

.debug_str      0x0000000000000000      0xa5c
 .debug_str     0x0000000000000000       0xa6 /usr/lib/gcc/arm-none-eabi/10.3.1/thumb/v6-m/nofp/libgcc.a(_dvmd_tls.o)
 .debug_str     0x00000000000000a6      0x504 /usr/lib/gcc/arm-none-eabi/10.3.1/../../../arm-none-eabi/lib/thumb/v6-m/nofp/libc.a(lib_a-impure.o)
                                        0x57b (size before relaxing)
 .debug_str     0x00000000000005aa       0xb7 /usr/lib/gcc/arm-none-eabi/10.3.1/../../../arm-none-eabi/lib/thumb/v6-m/nofp/libc.a(lib_a-malloc.o)
                                        0x58f (size before relaxing)
 .debug_str     0x0000000000000661      0x21d /usr/lib/gcc/arm-none-eabi/10.3.1/../../../arm-none-eabi/lib/thumb/v6-m/nofp/libc.a(lib_a-mallocr.o)
                                        0x780 (size before relaxing)
 .debug_str     0x000000000000087e       0x4c /usr/lib/gcc/arm-none-eabi/10.3.1/../../../arm-none-eabi/lib/thumb/v6-m/nofp/libc.a(lib_a-mlock.o)
                                        0x588 (size before relaxing)
 .debug_str     0x00000000000008ca       0x47 /usr/lib/gcc/arm-none-eabi/10.3.1/../../../arm-none-eabi/lib/thumb/v6-m/nofp/libc.a(lib_a-sbrkr.o)
                                        0x572 (size before relaxing)
 .debug_str     0x0000000000000911       0xb9 /usr/lib/gcc/arm-none-eabi/10.3.1/../../../arm-none-eabi/lib/thumb/v6-m/nofp/libc.a(lib_a-strlen-stub.o)
                                        0x1c5 (size before relaxing)
 .debug_str     0x00000000000009ca       0x34 /usr/lib/gcc/arm-none-eabi/10.3.1/../../../arm-none-eabi/lib/thumb/v6-m/nofp/libc.a(lib_a-freer.o)
                                        0x6ca (size before relaxing)
 .debug_str     0x00000000000009fe       0x5e /usr/lib/gcc/arm-none-eabi/10.3.1/../../../arm-none-eabi/lib/thumb/v6-m/nofp/libc.a(lib_a-reent.o)
                                        0x59a (size before relaxing)

.debug_loc      0x0000000000000000     0x1720
 .debug_loc     0x0000000000000000       0x64 /usr/lib/gcc/arm-none-eabi/10.3.1/../../../arm-none-eabi/lib/thumb/v6-m/nofp/libc.a(lib_a-malloc.o)
 .debug_loc     0x0000000000000064      0xef0 /usr/lib/gcc/arm-none-eabi/10.3.1/../../../arm-none-eabi/lib/thumb/v6-m/nofp/libc.a(lib_a-mallocr.o)
 .debug_loc     0x0000000000000f54       0x79 /usr/lib/gcc/arm-none-eabi/10.3.1/../../../arm-none-eabi/lib/thumb/v6-m/nofp/libc.a(lib_a-sbrkr.o)
 .debug_loc     0x0000000000000fcd       0x90 /usr/lib/gcc/arm-none-eabi/10.3.1/../../../arm-none-eabi/lib/thumb/v6-m/nofp/libc.a(lib_a-strlen-stub.o)
 .debug_loc     0x000000000000105d      0x4e3 /usr/lib/gcc/arm-none-eabi/10.3.1/../../../arm-none-eabi/lib/thumb/v6-m/nofp/libc.a(lib_a-freer.o)
 .debug_loc     0x0000000000001540      0x1e0 /usr/lib/gcc/arm-none-eabi/10.3.1/../../../arm-none-eabi/lib/thumb/v6-m/nofp/libc.a(lib_a-reent.o)

.debug_frame    0x0000000000000000      0x1a4
 .debug_frame   0x0000000000000000       0x40 /usr/lib/gcc/arm-none-eabi/10.3.1/../../../arm-none-eabi/lib/thumb/v6-m/nofp/libc.a(lib_a-malloc.o)
 .debug_frame   0x0000000000000040       0x3c /usr/lib/gcc/arm-none-eabi/10.3.1/../../../arm-none-eabi/lib/thumb/v6-m/nofp/libc.a(lib_a-mallocr.o)
 .debug_frame   0x000000000000007c       0x30 /usr/lib/gcc/arm-none-eabi/10.3.1/../../../arm-none-eabi/lib/thumb/v6-m/nofp/libc.a(lib_a-mlock.o)
 .debug_frame   0x00000000000000ac       0x2c /usr/lib/gcc/arm-none-eabi/10.3.1/../../../arm-none-eabi/lib/thumb/v6-m/nofp/libc.a(lib_a-sbrkr.o)
 .debug_frame   0x00000000000000d8       0x28 /usr/lib/gcc/arm-none-eabi/10.3.1/../../../arm-none-eabi/lib/thumb/v6-m/nofp/libc.a(lib_a-strlen-stub.o)
 .debug_frame   0x0000000000000100       0x54 /usr/lib/gcc/arm-none-eabi/10.3.1/../../../arm-none-eabi/lib/thumb/v6-m/nofp/libc.a(lib_a-freer.o)
 .debug_frame   0x0000000000000154       0x50 /usr/lib/gcc/arm-none-eabi/10.3.1/../../../arm-none-eabi/lib/thumb/v6-m/nofp/libc.a(lib_a-reent.o)

.debug_ranges   0x0000000000000000       0x50
 .debug_ranges  0x0000000000000000       0x50 /usr/lib/gcc/arm-none-eabi/10.3.1/../../../arm-none-eabi/lib/thumb/v6-m/nofp/libc.a(lib_a-mallocr.o)
